Component: ARM Compiler 5.06 update 3 (build 300) Tool: armlink [4d35c9]

==============================================================================

Section Cross References

    main.o(i.main) refers to stm32f4xx_hal.o(i.HAL_Init) for HAL_Init
    main.o(i.main) refers to sys.o(i.Stm32_Clock_Init) for Stm32_Clock_Init
    main.o(i.main) refers to delay.o(i.delay_init) for delay_init
    main.o(i.main) refers to led.o(i.LED_Init) for LED_Init
    main.o(i.main) refers to key.o(i.KEY_Init) for KEY_Init
    main.o(i.main) refers to timer.o(i.TIM3_Init) for TIM3_Init
    main.o(i.main) refers to timer.o(i.TIM4_Init) for TIM4_Init
    main.o(i.main) refers to timer.o(i.TIM5_Init) for TIM5_Init
    main.o(i.main) refers to usart.o(i.uart1_init) for uart1_init
    main.o(i.main) refers to usart.o(i.uart2_init) for uart2_init
    main.o(i.main) refers to can.o(i.CAN1_Mode_Init) for CAN1_Mode_Init
    main.o(i.main) refers to can.o(i.CAN1_Receive_Msg) for CAN1_Receive_Msg
    main.o(i.main) refers to algorithm_1.o(i.Position_Cal) for Position_Cal
    main.o(i.main) refers to delay.o(i.delay_us) for delay_us
    main.o(i.main) refers to usart.o(.data) for s1
    main.o(i.main) refers to timer.o(.data) for yun_yaw_pv
    stm32f4xx_it.o(i.SysTick_Handler) refers to stm32f4xx_hal.o(i.HAL_IncTick) for HAL_IncTick
    system_stm32f4xx.o(i.SystemCoreClockUpdate) refers to system_stm32f4xx.o(.data) for .data
    startup_stm32f429xx.o(STACK) refers (Special) to heapauxi.o(.text) for __use_two_region_memory
    startup_stm32f429xx.o(HEAP) refers (Special) to heapauxi.o(.text) for __use_two_region_memory
    startup_stm32f429xx.o(RESET) refers (Special) to heapauxi.o(.text) for __use_two_region_memory
    startup_stm32f429xx.o(RESET) refers to startup_stm32f429xx.o(STACK) for __initial_sp
    startup_stm32f429xx.o(RESET) refers to startup_stm32f429xx.o(.text) for Reset_Handler
    startup_stm32f429xx.o(RESET) refers to stm32f4xx_it.o(i.NMI_Handler) for NMI_Handler
    startup_stm32f429xx.o(RESET) refers to stm32f4xx_it.o(i.HardFault_Handler) for HardFault_Handler
    startup_stm32f429xx.o(RESET) refers to stm32f4xx_it.o(i.MemManage_Handler) for MemManage_Handler
    startup_stm32f429xx.o(RESET) refers to stm32f4xx_it.o(i.BusFault_Handler) for BusFault_Handler
    startup_stm32f429xx.o(RESET) refers to stm32f4xx_it.o(i.UsageFault_Handler) for UsageFault_Handler
    startup_stm32f429xx.o(RESET) refers to stm32f4xx_it.o(i.SVC_Handler) for SVC_Handler
    startup_stm32f429xx.o(RESET) refers to stm32f4xx_it.o(i.DebugMon_Handler) for DebugMon_Handler
    startup_stm32f429xx.o(RESET) refers to stm32f4xx_it.o(i.PendSV_Handler) for PendSV_Handler
    startup_stm32f429xx.o(RESET) refers to stm32f4xx_it.o(i.SysTick_Handler) for SysTick_Handler
    startup_stm32f429xx.o(RESET) refers to timer.o(i.TIM3_IRQHandler) for TIM3_IRQHandler
    startup_stm32f429xx.o(RESET) refers to timer.o(i.TIM4_IRQHandler) for TIM4_IRQHandler
    startup_stm32f429xx.o(RESET) refers to usart.o(i.USART1_IRQHandler) for USART1_IRQHandler
    startup_stm32f429xx.o(RESET) refers to usart.o(i.USART2_IRQHandler) for USART2_IRQHandler
    startup_stm32f429xx.o(RESET) refers to timer.o(i.TIM5_IRQHandler) for TIM5_IRQHandler
    startup_stm32f429xx.o(.text) refers (Special) to heapauxi.o(.text) for __use_two_region_memory
    startup_stm32f429xx.o(.text) refers to system_stm32f4xx.o(i.SystemInit) for SystemInit
    startup_stm32f429xx.o(.text) refers to __main.o(!!!main) for __main
    startup_stm32f429xx.o(.text) refers to startup_stm32f429xx.o(HEAP) for Heap_Mem
    startup_stm32f429xx.o(.text) refers to startup_stm32f429xx.o(STACK) for Stack_Mem
    stm32f4xx_hal.o(i.HAL_DeInit) refers to stm32f4xx_hal.o(i.HAL_MspDeInit) for HAL_MspDeInit
    stm32f4xx_hal.o(i.HAL_Delay) refers to stm32f4xx_hal.o(i.HAL_GetTick) for HAL_GetTick
    stm32f4xx_hal.o(i.HAL_GetTick) refers to stm32f4xx_hal.o(.data) for .data
    stm32f4xx_hal.o(i.HAL_IncTick) refers to stm32f4xx_hal.o(.data) for .data
    stm32f4xx_hal.o(i.HAL_Init) refers to stm32f4xx_hal_cortex.o(i.HAL_NVIC_SetPriorityGrouping) for HAL_NVIC_SetPriorityGrouping
    stm32f4xx_hal.o(i.HAL_Init) refers to stm32f4xx_hal.o(i.HAL_InitTick) for HAL_InitTick
    stm32f4xx_hal.o(i.HAL_Init) refers to stm32f4xx_hal.o(i.HAL_MspInit) for HAL_MspInit
    stm32f4xx_hal.o(i.HAL_InitTick) refers to stm32f4xx_hal_rcc.o(i.HAL_RCC_GetHCLKFreq) for HAL_RCC_GetHCLKFreq
    stm32f4xx_hal.o(i.HAL_InitTick) refers to stm32f4xx_hal_cortex.o(i.HAL_SYSTICK_Config) for HAL_SYSTICK_Config
    stm32f4xx_hal.o(i.HAL_InitTick) refers to stm32f4xx_hal_cortex.o(i.HAL_NVIC_SetPriority) for HAL_NVIC_SetPriority
    stm32f4xx_hal_cortex.o(i.HAL_NVIC_SetPriority) refers to stm32f4xx_hal_cortex.o(i.NVIC_SetPriority) for NVIC_SetPriority
    stm32f4xx_hal_cortex.o(i.HAL_SYSTICK_Config) refers to stm32f4xx_hal_cortex.o(i.NVIC_SetPriority) for NVIC_SetPriority
[...]

==============================================================================

Image Symbol Table

    Local Symbols

    Symbol Name                              Value     Ov Type        Size  Object(Section)

    ../clib/angel/boardlib.s                 0x00000000   Number         0  boardinit1.o ABSOLUTE
    ../clib/angel/boardlib.s                 0x00000000   Number         0  boardshut.o ABSOLUTE
    ../clib/angel/boardlib.s                 0x00000000   Number         0  boardinit3.o ABSOLUTE
    ../clib/angel/boardlib.s                 0x00000000   Number         0  boardinit2.o ABSOLUTE
    ../clib/angel/dczerorl2.s                0x00000000   Number         0  __dczerorl2.o ABSOLUTE
    ../clib/angel/handlers.s                 0x00000000   Number         0  __scatter_zi.o ABSOLUTE
    ../clib/angel/kernel.s                   0x00000000   Number         0  rtexit.o ABSOLUTE
    ../clib/angel/kernel.s                   0x00000000   Number         0  __rtentry.o ABSOLUTE
    ../clib/angel/kernel.s                   0x00000000   Number         0  rtexit2.o ABSOLUTE
    ../clib/angel/kernel.s                   0x00000000   Number         0  __rtentry4.o ABSOLUTE
    ../clib/angel/kernel.s                   0x00000000   Number         0  __rtentry2.o ABSOLUTE
    ../clib/angel/rt.s                       0x00000000   Number         0  rt_raise.o ABSOLUTE
    ../clib/angel/scatter.s                  0x00000000   Number         0  __scatter.o ABSOLUTE
    ../clib/angel/startup.s                  0x00000000   Number         0  __main.o ABSOLUTE
    ../clib/angel/sys.s                      0x00000000   Number         0  libspace.o ABSOLUTE
    ../clib/angel/sys.s                      0x00000000   Number         0  use_no_semi.o ABSOLUTE
    ../clib/angel/sys.s                      0x00000000   Number         0  indicate_semi.o ABSOLUTE
    ../clib/angel/sys.s                      0x00000000   Number         0  use_no_semi_2.o ABSOLUTE
    ../clib/angel/sys.s                      0x00000000   Number         0  sys_stackheap_outer.o ABSOLUTE
    ../clib/angel/sysapp.c                   0x00000000   Number         0  sys_command.o ABSOLUTE
    ../clib/armsys.c                         0x00000000   Number         0  argv_veneer.o ABSOLUTE
    ../clib/armsys.c                         0x00000000   Number         0  argv_veneer.o ABSOLUTE
    ../clib/armsys.c                         0x00000000   Number         0  no_argv.o ABSOLUTE
    ../clib/armsys.c                         0x00000000   Number         0  _get_argv_nomalloc.o ABSOLUTE
    ../clib/heapalloc.c                      0x00000000   Number         0  hrguard.o ABSOLUTE
    ../clib/heapaux.c                        0x00000000   Number         0  heapauxi.o ABSOLUTE
    ../clib/libinit.s                        0x00000000   Number         0  libinit2.o ABSOLUTE
    ../clib/libinit.s                        0x00000000   Number         0  libinit.o ABSOLUTE
    ../clib/libinit.s                        0x00000000   Number         0  libshutdown2.o ABSOLUTE
    ../clib/libinit.s                        0x00000000   Number         0  libshutdown.o ABSOLUTE
    ../clib/memcpset.s                       0x00000000   Number         0  rt_memcpy_w.o ABSOLUTE
    ../clib/signal.c                         0x00000000   Number         0  defsig_exit.o ABSOLUTE
    ../clib/signal.c                         0x00000000   Number         0  defsig_rtmem_outer.o ABSOLUTE
    ../clib/signal.c                         0x00000000   Number         0  defsig_rtmem_inner.o ABSOLUTE
    ../clib/signal.c                         0x00000000   Number         0  defsig_rtmem_formal.o ABSOLUTE
    ../clib/signal.c                         0x00000000   Number         0  defsig_rtred_inner.o ABSOLUTE
    ../clib/signal.c                         0x00000000   Number         0  defsig_stak_inner.o ABSOLUTE
    ../clib/signal.c                         0x00000000   Number         0  __raise.o ABSOLUTE
    ../clib/signal.c                         0x00000000   Number         0  defsig_general.o ABSOLUTE
    ../clib/signal.c                         0x00000000   Number         0  defsig_abrt_inner.o ABSOLUTE
    ../clib/signal.c                         0x00000000   Number         0  defsig_fpe_inner.o ABSOLUTE
    ../clib/signal.c                         0x00000000   Number         0  defsig_pvfn_inner.o ABSOLUTE
    ../clib/signal.c                         0x00000000   Number         0  defsig_segv_inner.o ABSOLUTE
    ../clib/signal.c                         0x00000000   Number         0  defsig_other.o ABSOLUTE
    ../clib/signal.c                         0x00000000   Number         0  defsig_cppl_inner.o ABSOLUTE
    ../clib/signal.s                         0x00000000   Number         0  defsig.o ABSOLUTE
    ../clib/stdlib.c                         0x00000000   Number         0  exit.o ABSOLUTE
    ../fplib/basic.s                         0x00000000   Number         0  basic.o ABSOLUTE
    ../fplib/d2f.s                           0x00000000   Number         0  d2f.o ABSOLUTE
    ../fplib/daddsub.s                       0x00000000   Number         0  daddsub_clz.o ABSOLUTE
    ../fplib/ddiv.s                          0x00000000   Number         0  ddiv.o ABSOLUTE
    ../fplib/dmul.s                          0x00000000   Number         0  dmul.o ABSOLUTE
    ../fplib/dnaninf.s                       0x00000000   Number         0  dnaninf.o ABSOLUTE
    ../fplib/dretinf.s                       0x00000000   Number         0  dretinf.o ABSOLUTE
    ../fplib/f2d.s                           0x00000000   Number         0  f2d.o ABSOLUTE
    ../fplib/fnaninf.s                       0x00000000   Number         0  fnaninf.o ABSOLUTE
    ../fplib/fpinit.s                        0x00000000   Number         0  fpinit.o ABSOLUTE
    ../fplib/fretinf.s                       0x00000000   Number         0  fretinf.o ABSOLUTE
    ../fplib/usenofp.s                       0x00000000   Number         0  usenofp.o ABSOLUTE
    ../mathlib/atan.c                        0x00000000   Number         0  atan_x.o ABSOLUTE
    ../mathlib/atan.c                        0x00000000   Number         0  atan.o ABSOLUTE
    ../mathlib/dunder.c                      0x00000000   Number         0  dunder.o ABSOLUTE
    ../mathlib/fabs.c                        0x00000000   Number         0  fabs.o ABSOLUTE
    ../mathlib/fpclassify.c                  0x00000000   Number         0  fpclassify.o ABSOLUTE
    ../mathlib/poly.c                        0x00000000   Number         0  poly.o ABSOLUTE
    ..\ALGORITHM\Algorithm.c                 0x00000000   Number         0  algorithm_1.o ABSOLUTE
    ..\CORE\startup_stm32f429xx.s            0x00000000   Number         0  startup_stm32f429xx.o ABSOLUTE
    ..\HALLIB\STM32F4xx_HAL_Driver\Src\stm32f4xx_hal.c 0x00000000   Number         0  stm32f4xx_hal.o ABSOLUTE
    ..\HALLIB\STM32F4xx_HAL_Driver\Src\stm32f4xx_hal_can.c 0x00000000   Number         0  stm32f4xx_hal_can.o ABSOLUTE
    ..\HALLIB\STM32F4xx_HAL_Driver\Src\stm32f4xx_hal_cortex.c 0x00000000   Number         0  stm32f4xx_hal_cortex.o ABSOLUTE
    ..\HALLIB\STM32F4xx_HAL_Driver\Src\stm32f4xx_hal_dma.c 0x00000000   Number         0  stm32f4xx_hal_dma.o ABSOLUTE
    ..\HALLIB\STM32F4xx_HAL_Driver\Src\stm32f4xx_hal_dma2d.c 0x00000000   Number         0  stm32f4xx_hal_dma2d.o ABSOLUTE
    ..\HALLIB\STM32F4xx_HAL_Driver\Src\stm32f4xx_hal_dma_ex.c 0x00000000   Number         0  stm32f4xx_hal_dma_ex.o ABSOLUTE
    ..\HALLIB\STM32F4xx_HAL_Driver\Src\stm32f4xx_hal_gpio.c 0x00000000   Number         0  stm32f4xx_hal_gpio.o ABSOLUTE
    ..\HALLIB\STM32F4xx_HAL_Driver\Src\stm32f4xx_hal_ltdc.c 0x00000000   Number         0  stm32f4xx_hal_ltdc.o ABSOLUTE
    ..\HALLIB\STM32F4xx_HAL_Driver\Src\stm32f4xx_hal_ltdc_ex.c 0x00000000   Number         0  stm32f4xx_hal_ltdc_ex.o ABSOLUTE
    ..\HALLIB\STM32F4xx_HAL_Driver\Src\stm32f4xx_hal_pwr.c 0x00000000   Number         0  stm32f4xx_hal_pwr.o ABSOLUTE
    ..\HALLIB\STM32F4xx_HAL_Driver\Src\stm32f4xx_hal_pwr_ex.c 0x00000000   Number         0  stm32f4xx_hal_pwr_ex.o ABSOLUTE
    ..\HALLIB\STM32F4xx_HAL_Driver\Src\stm32f4xx_hal_rcc.c 0x00000000   Number         0  stm32f4xx_hal_rcc.o ABSOLUTE
    ..\HALLIB\STM32F4xx_HAL_Driver\Src\stm32f4xx_hal_rcc_ex.c 0x00000000   Number         0  stm32f4xx_hal_rcc_ex.o ABSOLUTE
    ..\HALLIB\STM32F4xx_HAL_Driver\Src\stm32f4xx_hal_tim.c 0x00000000   Number         0  stm32f4xx_hal_tim.o ABSOLUTE
    ..\HALLIB\STM32F4xx_HAL_Driver\Src\stm32f4xx_hal_tim_ex.c 0x00000000   Number         0  stm32f4xx_hal_tim_ex.o ABSOLUTE
    ..\HALLIB\STM32F4xx_HAL_Driver\Src\stm32f4xx_hal_uart.c 0x00000000   Number         0  stm32f4xx_hal_uart.o ABSOLUTE
    ..\HALLIB\STM32F4xx_HAL_Driver\Src\stm32f4xx_hal_usart.c 0x00000000   Number         0  stm32f4xx_hal_usart.o ABSOLUTE
    ..\HALLIB\STM32F4xx_HAL_Driver\Src\stm32f4xx_ll_fmc.c 0x00000000   Number         0  stm32f4xx_ll_fmc.o ABSOLUTE
    ..\HARDWARE\CAN\can.c                    0x00000000   Number         0  can.o ABSOLUTE
    ..\HARDWARE\KEY\key.c                    0x00000000   Number         0  key.o ABSOLUTE
    ..\HARDWARE\LED\led.c                    0x00000000   Number         0  led.o ABSOLUTE
    ..\HARDWARE\TIMER\timer.c                0x00000000   Number         0  timer.o ABSOLUTE
    ..\SYSTEM\delay\delay.c                  0x00000000   Number         0  delay.o ABSOLUTE
    ..\SYSTEM\sys\sys.c                      0x00000000   Number         0  sys.o ABSOLUTE
    ..\SYSTEM\usart\usart.c                  0x00000000   Number         0  usart.o ABSOLUTE
    ..\\ALGORITHM\\Algorithm.c               0x00000000   Number         0  algorithm_1.o ABSOLUTE
    ..\\HALLIB\\STM32F4xx_HAL_Driver\\Src\\stm32f4xx_hal.c 0x00000000   Number         0  stm32f4xx_hal.o ABSOLUTE
    ..\\HALLIB\\STM32F4xx_HAL_Driver\\Src\\stm32f4xx_hal_can.c 0x00000000   Number         0  stm32f4xx_hal_can.o ABSOLUTE
    ..\\HALLIB\\STM32F4xx_HAL_Driver\\Src\\stm32f4xx_hal_cortex.c 0x00000000   Number         0  stm32f4xx_hal_cortex.o ABSOLUTE
    ..\\HALLIB\\STM32F4xx_HAL_Driver\\Src\\stm32f4xx_hal_dma.c 0x00000000   Number         0  stm32f4xx_hal_dma.o ABSOLUTE
    ..\\HALLIB\\STM32F4xx_HAL_Driver\\Src\\stm32f4xx_hal_dma2d.c 0x00000000   Number         0  stm32f4xx_hal_dma2d.o ABSOLUTE
    ..\\HALLIB\\STM32F4xx_HAL_Driver\\Src\\stm32f4xx_hal_dma_ex.c 0x00000000   Number         0  stm32f4xx_hal_dma_ex.o ABSOLUTE
    ..\\HALLIB\\STM32F4xx_HAL_Driver\\Src\\stm32f4xx_hal_gpio.c 0x00000000   Number         0  stm32f4xx_hal_gpio.o ABSOLUTE
    ..\\HALLIB\\STM32F4xx_HAL_Driver\\Src\\stm32f4xx_hal_ltdc.c 0x00000000   Number         0  stm32f4xx_hal_ltdc.o ABSOLUTE
    ..\\HALLIB\\STM32F4xx_HAL_Driver\\Src\\stm32f4xx_hal_ltdc_ex.c 0x00000000   Number         0  stm32f4xx_hal_ltdc_ex.o ABSOLUTE
    ..\\HALLIB\\STM32F4xx_HAL_Driver\\Src\\stm32f4xx_hal_pwr.c 0x00000000   Number         0  stm32f4xx_hal_pwr.o ABSOLUTE
    ..\\HALLIB\\STM32F4xx_HAL_Driver\\Src\\stm32f4xx_hal_pwr_ex.c 0x00000000   Number         0  stm32f4xx_hal_pwr_ex.o ABSOLUTE
    ..\\HALLIB\\STM32F4xx_HAL_Driver\\Src\\stm32f4xx_hal_rcc.c 0x00000000   Number         0  stm32f4xx_hal_rcc.o ABSOLUTE
    ..\\HALLIB\\STM32F4xx_HAL_Driver\\Src\\stm32f4xx_hal_rcc_ex.c 0x00000000   Number         0  stm32f4xx_hal_rcc_ex.o ABSOLUTE
    ..\\HALLIB\\STM32F4xx_HAL_Driver\\Src\\stm32f4xx_hal_tim.c 0x00000000   Number         0  stm32f4xx_hal_tim.o ABSOLUTE
    ..\\HALLIB\\STM32F4xx_HAL_Driver\\Src\\stm32f4xx_hal_tim_ex.c 0x00000000   Number         0  stm32f4xx_hal_tim_ex.o ABSOLUTE
    ..\\HALLIB\\STM32F4xx_HAL_Driver\\Src\\stm32f4xx_hal_uart.c 0x00000000   Number         0  stm32f4xx_hal_uart.o ABSOLUTE
    ..\\HALLIB\\STM32F4xx_HAL_Driver\\Src\\stm32f4xx_hal_usart.c 0x00000000   Number         0  stm32f4xx_hal_usart.o ABSOLUTE
    ..\\HALLIB\\STM32F4xx_HAL_Driver\\Src\\stm32f4xx_ll_fmc.c 0x00000000   Number         0  stm32f4xx_ll_fmc.o ABSOLUTE
    ..\\HARDWARE\\CAN\\can.c                 0x00000000   Number         0  can.o ABSOLUTE
    ..\\HARDWARE\\KEY\\key.c                 0x00000000   Number         0  key.o ABSOLUTE
    ..\\HARDWARE\\LED\\led.c                 0x00000000   Number         0  led.o ABSOLUTE
    ..\\HARDWARE\\TIMER\\timer.c             0x00000000   Number         0  timer.o ABSOLUTE
    ..\\SYSTEM\\delay\\delay.c               0x00000000   Number         0  delay.o ABSOLUTE
    ..\\SYSTEM\\sys\\sys.c                   0x00000000   Number         0  sys.o ABSOLUTE
    ..\\SYSTEM\\usart\\usart.c               0x00000000   Number         0  usart.o ABSOLUTE
    dc.s                                     0x00000000   Number         0  dc.o ABSOLUTE
    main.c                                   0x00000000   Number         0  main.o ABSOLUTE
    main.c                                   0x00000000   Number         0  main.o ABSOLUTE
    stm32f4xx_it.c                           0x00000000   Number         0  stm32f4xx_it.o ABSOLUTE
    stm32f4xx_it.c                           0x00000000   Number         0  stm32f4xx_it.o ABSOLUTE
    system_stm32f4xx.c                       0x00000000   Number         0  system_stm32f4xx.o ABSOLUTE
    system_stm32f4xx.c                       0x00000000   Number         0  system_stm32f4xx.o ABSOLUTE
    RESET                                    0x08000000   Section      428  startup_stm32f429xx.o(RESET)
    !!!main                                  0x080001ac   Section        8  __main.o(!!!main)
    !!!scatter                               0x080001b4   Section       52  __scatter.o(!!!scatter)
    !!dczerorl2                              0x080001e8   Section       90  __dczerorl2.o(!!dczerorl2)
    !!handler_zi                             0x08000244   Section       28  __scatter_zi.o(!!handler_zi)
    .ARM.Collect$$libinit$$00000000          0x08000260   Section        2  libinit.o(.ARM.Collect$$libinit$$00000000)
    .ARM.Collect$$libinit$$00000001          0x08000262   Section        4  libinit2.o(.ARM.Collect$$libinit$$00000001)
    .ARM.Collect$$libinit$$00000004          0x08000266   Section        0  libinit2.o(.ARM.Collect$$libinit$$00000004)
    .ARM.Collect$$libinit$$0000000A          0x08000266   Section        0  libinit2.o(.ARM.Collect$$libinit$$0000000A)
    .ARM.Collect$$libinit$$0000000C          0x08000266   Section        0  libinit2.o(.ARM.Collect$$libinit$$0000000C)
    .ARM.Collect$$libinit$$0000000E          0x08000266   Section        0  libinit2.o(.ARM.Collect$$libinit$$0000000E)
    .ARM.Collect$$libinit$$00000011          0x08000266   Section        0  libinit2.o(.ARM.Collect$$libinit$$00000011)
    .ARM.Collect$$libinit$$00000013          0x08000266   Section        0  libinit2.o(.ARM.Collect$$libinit$$00000013)
    .ARM.Collect$$libinit$$00000015          0x08000266   Section        0  libinit2.o(.ARM.Collect$$libinit$$00000015)
    .ARM.Collect$$libinit$$00000017          0x08000266   Section        0  libinit2.o(.ARM.Collect$$libinit$$00000017)
    .ARM.Collect$$libinit$$00000019          0x08000266   Section        0  libinit2.o(.ARM.Collect$$libinit$$00000019)
    .ARM.Collect$$libinit$$0000001B          0x08000266   Section        0  libinit2.o(.ARM.Collect$$libinit$$0000001B)
    .ARM.Collect$$libinit$$0000001D          0x08000266   Section        0  libinit2.o(.ARM.Collect$$libinit$$0000001D)
    .ARM.Collect$$libinit$$0000001F          0x08000266   Section        0  libinit2.o(.ARM.Collect$$libinit$$0000001F)
    .ARM.Collect$$libinit$$00000021          0x08000266   Section        0  libinit2.o(.ARM.Collect$$libinit$$00000021)
    .ARM.Collect$$libinit$$00000023          0x08000266   Section        0  libinit2.o(.ARM.Collect$$libinit$$00000023)
    .ARM.Collect$$libinit$$00000025          0x08000266   Section        0  libinit2.o(.ARM.Collect$$libinit$$00000025)
    .ARM.Collect$$libinit$$0000002C          0x08000266   Section        0  libinit2.o(.ARM.Collect$$libinit$$0000002C)
    .ARM.Collect$$libinit$$0000002E          0x08000266   Section        0  libinit2.o(.ARM.Collect$$libinit$$0000002E)
    .ARM.Collect$$libinit$$00000030          0x08000266   Section        0  libinit2.o(.ARM.Collect$$libinit$$00000030)
    .ARM.Collect$$libinit$$00000032          0x08000266   Section        0  libinit2.o(.ARM.Collect$$libinit$$00000032)
    .ARM.Collect$$libinit$$00000033          0x08000266   Section        2  libinit2.o(.ARM.Collect$$libinit$$00000033)
    .ARM.Collect$$libshutdown$$00000000      0x08000268   Section        2  libshutdown.o(.ARM.Collect$$libshutdown$$00000000)
    .ARM.Collect$$libshutdown$$00000002      0x0800026a   Section        0  libshutdown2.o(.ARM.Collect$$libshutdown$$00000002)
    .ARM.Collect$$libshutdown$$00000004      0x0800026a   Section        0  libshutdown2.o(.ARM.Collect$$libshutdown$$00000004)
    .ARM.Collect$$libshutdown$$00000007      0x0800026a   Section        0  libshutdown2.o(.ARM.Collect$$libshutdown$$00000007)
    .ARM.Collect$$libshutdown$$0000000A      0x0800026a   Section        0  libshutdown2.o(.ARM.Collect$$libshutdown$$0000000A)
    .ARM.Collect$$libshutdown$$0000000C      0x0800026a   Section        0  libshutdown2.o(.ARM.Collect$$libshutdown$$0000000C)
    .ARM.Collect$$libshutdown$$0000000F      0x0800026a   Section        0  libshutdown2.o(.ARM.Collect$$libshutdown$$0000000F)
    .ARM.Collect$$libshutdown$$00000010      0x0800026a   Section        2  libshutdown2.o(.ARM.Collect$$libshutdown$$00000010)
    .ARM.Collect$$rtentry$$00000000          0x0800026c   Section        0  __rtentry.o(.ARM.Collect$$rtentry$$00000000)
    .ARM.Collect$$rtentry$$00000002          0x0800026c   Section        0  __rtentry2.o(.ARM.Collect$$rtentry$$00000002)
    .ARM.Collect$$rtentry$$00000004          0x0800026c   Section        6  __rtentry4.o(.ARM.Collect$$rtentry$$00000004)
    .ARM.Collect$$rtentry$$00000009          0x08000272   Section        0  __rtentry2.o(.ARM.Collect$$rtentry$$00000009)
    .ARM.Collect$$rtentry$$0000000A          0x08000272   Section        4  __rtentry2.o(.ARM.Collect$$rtentry$$0000000A)
    .ARM.Collect$$rtentry$$0000000C          0x08000276   Section        0  __rtentry2.o(.ARM.Collect$$rtentry$$0000000C)
    .ARM.Collect$$rtentry$$0000000D          0x08000276   Section        8  __rtentry2.o(.ARM.Collect$$rtentry$$0000000D)
    .ARM.Collect$$rtexit$$00000000           0x0800027e   Section        2  rtexit.o(.ARM.Collect$$rtexit$$00000000)
    .ARM.Collect$$rtexit$$00000002           0x08000280   Section        0  rtexit2.o(.ARM.Collect$$rtexit$$00000002)
    .ARM.Collect$$rtexit$$00000003           0x08000280   Section        4  rtexit2.o(.ARM.Collect$$rtexit$$00000003)
    .ARM.Collect$$rtexit$$00000004           0x08000284   Section        6  rtexit2.o(.ARM.Collect$$rtexit$$00000004)
    .text                                    0x0800028c   Section       64  startup_stm32f429xx.o(.text)
    $v0                                      0x0800028c   Number         0  startup_stm32f429xx.o(.text)
    .text                                    0x080002cc   Section        2  use_no_semi_2.o(.text)
    .text                                    0x080002ce   Section        0  heapauxi.o(.text)
    .text                                    0x080002d4   Section        2  use_no_semi.o(.text)
    .text                                    0x080002d6   Section       74  sys_stackheap_outer.o(.text)
    .text                                    0x08000320   Section        0  exit.o(.text)
    .text                                    0x08000334   Section        8  libspace.o(.text)
    i.BusFault_Handler                       0x0800033c   Section        0  stm32f4xx_it.o(i.BusFault_Handler)
    i.CAN1_Mode_Init                         0x08000340   Section        0  can.o(i.CAN1_Mode_Init)
    i.CAN1_Receive_Msg                       0x080003ac   Section        0  can.o(i.CAN1_Receive_Msg)
    i.CAN1_Send_Msg                          0x080003ec   Section        0  can.o(i.CAN1_Send_Msg)
    i.DebugMon_Handler                       0x08000430   Section        0  stm32f4xx_it.o(i.DebugMon_Handler)
    i.GPIO_AF_Set                            0x08000432   Section        0  sys.o(i.GPIO_AF_Set)
    i.GPIO_Set                               0x08000452   Section        0  sys.o(i.GPIO_Set)
    i.HAL_CAN_ConfigFilter                   0x080004d4   Section        0  stm32f4xx_hal_can.o(i.HAL_CAN_ConfigFilter)
    i.HAL_CAN_Init                           0x080005b8   Section        0  stm32f4xx_hal_can.o(i.HAL_CAN_Init)
    i.HAL_CAN_MspInit                        0x080006fc   Section        0  can.o(i.HAL_CAN_MspInit)
    i.HAL_CAN_Receive                        0x0800074c   Section        0  stm32f4xx_hal_can.o(i.HAL_CAN_Receive)
    i.HAL_CAN_Transmit                       0x0800088c   Section        0  stm32f4xx_hal_can.o(i.HAL_CAN_Transmit)
    i.HAL_GPIO_Init                          0x08000a00   Section        0  stm32f4xx_hal_gpio.o(i.HAL_GPIO_Init)
    i.HAL_GPIO_WritePin                      0x08000bdc   Section        0  stm32f4xx_hal_gpio.o(i.HAL_GPIO_WritePin)
    i.HAL_GetTick                            0x08000be8   Section        0  stm32f4xx_hal.o(i.HAL_GetTick)
    i.HAL_IncTick                            0x08000bf4   Section        0  stm32f4xx_hal.o(i.HAL_IncTick)
    i.HAL_Init                               0x08000c04   Section        0  stm32f4xx_hal.o(i.HAL_Init)
    i.HAL_InitTick                           0x08000c38   Section        0  stm32f4xx_hal.o(i.HAL_InitTick)
    i.HAL_MspInit                            0x08000c5a   Section        0  stm32f4xx_hal.o(i.HAL_MspInit)
    i.HAL_NVIC_EnableIRQ                     0x08000c62   Section        0  stm32f4xx_hal_cortex.o(i.HAL_NVIC_EnableIRQ)
    i.HAL_NVIC_SetPriority                   0x08000c78   Section        0  stm32f4xx_hal_cortex.o(i.HAL_NVIC_SetPriority)
    i.HAL_NVIC_SetPriorityGrouping           0x08000cb8   Section        0  stm32f4xx_hal_cortex.o(i.HAL_NVIC_SetPriorityGrouping)
    i.HAL_PWREx_EnableOverDrive              0x08000cdc   Section        0  stm32f4xx_hal_pwr_ex.o(i.HAL_PWREx_EnableOverDrive)
    i.HAL_RCC_ClockConfig                    0x08000d64   Section        0  stm32f4xx_hal_rcc.o(i.HAL_RCC_ClockConfig)
    i.HAL_RCC_GetHCLKFreq                    0x08000f6c   Section        0  stm32f4xx_hal_rcc.o(i.HAL_RCC_GetHCLKFreq)
    i.HAL_RCC_GetSysClockFreq                0x08000fa0   Section        0  stm32f4xx_hal_rcc.o(i.HAL_RCC_GetSysClockFreq)
    i.HAL_RCC_OscConfig                      0x08001014   Section        0  stm32f4xx_hal_rcc.o(i.HAL_RCC_OscConfig)
    i.HAL_SYSTICK_CLKSourceConfig            0x08001330   Section        0  stm32f4xx_hal_cortex.o(i.HAL_SYSTICK_CLKSourceConfig)
    i.HAL_SYSTICK_Config                     0x08001348   Section        0  stm32f4xx_hal_cortex.o(i.HAL_SYSTICK_Config)
    i.HAL_TIMEx_BreakCallback                0x08001370   Section        0  stm32f4xx_hal_tim_ex.o(i.HAL_TIMEx_BreakCallback)
    i.HAL_TIMEx_CommutationCallback          0x08001372   Section        0  stm32f4xx_hal_tim_ex.o(i.HAL_TIMEx_CommutationCallback)
    i.HAL_TIM_Base_Init                      0x08001374   Section        0  stm32f4xx_hal_tim.o(i.HAL_TIM_Base_Init)
    i.HAL_TIM_Base_MspInit                   0x080013ac   Section        0  timer.o(i.HAL_TIM_Base_MspInit)
    i.HAL_TIM_Base_Start_IT                  0x08001440   Section        0  stm32f4xx_hal_tim.o(i.HAL_TIM_Base_Start_IT)
    i.HAL_TIM_IC_CaptureCallback             0x08001458   Section        0  stm32f4xx_hal_tim.o(i.HAL_TIM_IC_CaptureCallback)
    i.HAL_TIM_IRQHandler                     0x0800145a   Section        0  stm32f4xx_hal_tim.o(i.HAL_TIM_IRQHandler)
    i.HAL_TIM_OC_DelayElapsedCallback        0x080015c0   Section        0  stm32f4xx_hal_tim.o(i.HAL_TIM_OC_DelayElapsedCallback)
    i.HAL_TIM_PWM_PulseFinishedCallback      0x080015c2   Section        0  stm32f4xx_hal_tim.o(i.HAL_TIM_PWM_PulseFinishedCallback)
    i.HAL_TIM_PeriodElapsedCallback          0x080015c4   Section        0  timer.o(i.HAL_TIM_PeriodElapsedCallback)
    i.HAL_TIM_TriggerCallback                0x080018fc   Section        0  stm32f4xx_hal_tim.o(i.HAL_TIM_TriggerCallback)
    i.HardFault_Handler                      0x080018fe   Section        0  stm32f4xx_it.o(i.HardFault_Handler)
    i.KEY_Init                               0x08001900   Section        0  key.o(i.KEY_Init)
    i.LED_Init                               0x0800193c   Section        0  led.o(i.LED_Init)
    i.MY_NVIC_Init                           0x080019e0   Section        0  sys.o(i.MY_NVIC_Init)
    i.MY_NVIC_PriorityGroupConfig            0x08001a2c   Section        0  sys.o(i.MY_NVIC_PriorityGroupConfig)
    i.MemManage_Handler                      0x08001a50   Section        0  stm32f4xx_it.o(i.MemManage_Handler)
    i.NMI_Handler                            0x08001a52   Section        0  stm32f4xx_it.o(i.NMI_Handler)
    i.NVIC_SetPriority                       0x08001a54   Section        0  stm32f4xx_hal_cortex.o(i.NVIC_SetPriority)
    NVIC_SetPriority                         0x08001a55   Thumb Code    32  stm32f4xx_hal_cortex.o(i.NVIC_SetPriority)
    i.PID_Bottom_moto1                       0x08001a74   Section        0  algorithm_1.o(i.PID_Bottom_moto1)
    i.PID_Bottom_moto2                       0x08001b30   Section        0  algorithm_1.o(i.PID_Bottom_moto2)
    i.PID_Bottom_moto3                       0x08001bcc   Section        0  algorithm_1.o(i.PID_Bottom_moto3)
    i.PID_Bottom_moto4                       0x08001c6c   Section        0  algorithm_1.o(i.PID_Bottom_moto4)
    i.PID_Pitch                              0x08001d0c   Section        0  algorithm_1.o(i.PID_Pitch)
    i.PID_Yaw                                0x08001dbc   Section        0  algorithm_1.o(i.PID_Yaw)
    i.PendSV_Handler                         0x08001e48   Section        0  stm32f4xx_it.o(i.PendSV_Handler)
    i.Position_Cal                           0x08001e4c   Section        0  algorithm_1.o(i.Position_Cal)
    i.SVC_Handler                            0x08001e8c   Section        0  stm32f4xx_it.o(i.SVC_Handler)
    i.Stm32_Clock_Init                       0x08001e90   Section        0  sys.o(i.Stm32_Clock_Init)
    i.SysTick_Handler                        0x08001f14   Section        0  stm32f4xx_it.o(i.SysTick_Handler)
    i.SystemInit                             0x08001f18   Section        0  system_stm32f4xx.o(i.SystemInit)
    i.TIM3_IRQHandler                        0x08001f6c   Section        0  timer.o(i.TIM3_IRQHandler)
    i.TIM3_Init                              0x08001f78   Section        0  timer.o(i.TIM3_Init)
    i.TIM4_IRQHandler                        0x08002020   Section        0  timer.o(i.TIM4_IRQHandler)
    i.TIM4_Init                              0x0800202c   Section        0  timer.o(i.TIM4_Init)
    i.TIM5_IRQHandler                        0x08002058   Section        0  timer.o(i.TIM5_IRQHandler)
    i.TIM5_Init                              0x08002064   Section        0  timer.o(i.TIM5_Init)
    i.TIM_Base_SetConfig                     0x08002090   Section        0  stm32f4xx_hal_tim.o(i.TIM_Base_SetConfig)
    i.USART1_IRQHandler                      0x08002150   Section        0  usart.o(i.USART1_IRQHandler)
    i.USART2_IRQHandler                      0x080022e8   Section        0  usart.o(i.USART2_IRQHandler)
    i.UsageFault_Handler                     0x08002398   Section        0  stm32f4xx_it.o(i.UsageFault_Handler)
    i._sys_exit                              0x0800239a   Section        0  usart.o(i._sys_exit)
    i.delay_init                             0x0800239c   Section        0  delay.o(i.delay_init)
    i.delay_us                               0x080023b0   Section        0  delay.o(i.delay_us)
    i.main                                   0x080023e4   Section        0  main.o(i.main)
    i.remote_angle_cal                       0x08002578   Section        0  algorithm_1.o(i.remote_angle_cal)
    i.uart1_init                             0x08002600   Section        0  usart.o(i.uart1_init)
    i.uart2_init                             0x080026e0   Section        0  usart.o(i.uart2_init)
    x$fpl$d2f                                0x080027cc   Section       98  d2f.o(x$fpl$d2f)
    $v0                                      0x080027cc   Number         0  d2f.o(x$fpl$d2f)
    x$fpl$dadd                               0x08002830   Section      336  daddsub_clz.o(x$fpl$dadd)
    $v0                                      0x08002830   Number         0  daddsub_clz.o(x$fpl$dadd)
    _dadd1                                   0x08002841   Thumb Code     0  daddsub_clz.o(x$fpl$dadd)
    x$fpl$dmul                               0x08002980   Section      340  dmul.o(x$fpl$dmul)
    $v0                                      0x08002980   Number         0  dmul.o(x$fpl$dmul)
    x$fpl$dnaninf                            0x08002ad4   Section      156  dnaninf.o(x$fpl$dnaninf)
    $v0                                      0x08002ad4   Number         0  dnaninf.o(x$fpl$dnaninf)
    x$fpl$dretinf                            0x08002b70   Section       12  dretinf.o(x$fpl$dretinf)
    $v0                                      0x08002b70   Number         0  dretinf.o(x$fpl$dretinf)
    x$fpl$dsub                               0x08002b7c   Section      468  daddsub_clz.o(x$fpl$dsub)
    $v0                                      0x08002b7c   Number         0  daddsub_clz.o(x$fpl$dsub)
    _dsub1                                   0x08002b8d   Thumb Code     0  daddsub_clz.o(x$fpl$dsub)
    x$fpl$f2d                                0x08002d50   Section       86  f2d.o(x$fpl$f2d)
    $v0                                      0x08002d50   Number         0  f2d.o(x$fpl$f2d)
    x$fpl$fnaninf                            0x08002da6   Section      140  fnaninf.o(x$fpl$fnaninf)
    $v0                                      0x08002da6   Number         0  fnaninf.o(x$fpl$fnaninf)
    x$fpl$fpinit                             0x08002e32   Section       10  fpinit.o(x$fpl$fpinit)
    $v0                                      0x08002e32   Number         0  fpinit.o(x$fpl$fpinit)
    x$fpl$fretinf                            0x08002e3c   Section       10  fretinf.o(x$fpl$fretinf)
    $v0                                      0x08002e3c   Number         0  fretinf.o(x$fpl$fretinf)
    .constdata                               0x08002e46   Section       16  stm32f4xx_hal_rcc.o(.constdata)
    x$fpl$usenofp                            0x08002e46   Section        0  usenofp.o(x$fpl$usenofp)
    .data                                    0x20000000   Section       20  system_stm32f4xx.o(.data)
    .data                                    0x20000014   Section        4  stm32f4xx_hal.o(.data)
    uwTick                                   0x20000014   Data           4  stm32f4xx_hal.o(.data)
    .data                                    0x20000018   Section        4  delay.o(.data)
    fac_us                                   0x20000018   Data           4  delay.o(.data)
    .data                                    0x2000001c   Section       32  usart.o(.data)
    ustimer                                  0x2000001d   Data           1  usart.o(.data)
    cntbkp                                   0x2000001e   Data           1  usart.o(.data)
    ussign                                   0x2000001f   Data           1  usart.o(.data)
    .data                                    0x2000003c   Section       92  timer.o(.data)
    romote_test_i                            0x2000003e   Data           1  timer.o(.data)
    remote_i_r                               0x2000003f   Data           1  timer.o(.data)
    num                                      0x20000046   Data           2  timer.o(.data)
    begin_cnt                                0x20000048   Data           2  timer.o(.data)
    moto_yaw_out_r                           0x20000060   Data           4  timer.o(.data)
    moto_yaw_out_rr                          0x20000064   Data           4  timer.o(.data)
    moto_pitch_out_r                         0x20000068   Data           4  timer.o(.data)
    moto_pitch_out_rr                        0x2000006c   Data           4  timer.o(.data)
    .data                                    0x20000098   Section        4  timer.o(.data)
    .data                                    0x2000009c   Section      212  algorithm_1.o(.data)
    remote_en_r                              0x2000009c   Data           1  algorithm_1.o(.data)
    Pitch_E_k                                0x200000f8   Data           4  algorithm_1.o(.data)
    Pitch_E_sum                              0x200000fc   Data           4  algorithm_1.o(.data)
    Pitch_E_k_1                              0x20000100   Data           4  algorithm_1.o(.data)
    m1_E_k                                   0x20000104   Data           4  algorithm_1.o(.data)
    m1_E_sum                                 0x20000108   Data           4  algorithm_1.o(.data)
    m1_E_k_1                                 0x2000010c   Data           4  algorithm_1.o(.data)
    m2_E_k                                   0x20000110   Data           4  algorithm_1.o(.data)
    m2_E_sum                                 0x20000114   Data           4  algorithm_1.o(.data)
    m2_E_k_1                                 0x20000118   Data           4  algorithm_1.o(.data)
    m3_E_k                                   0x2000011c   Data           4  algorithm_1.o(.data)
    m3_E_sum                                 0x20000120   Data           4  algorithm_1.o(.data)
    m3_E_k_1                                 0x20000124   Data           4  algorithm_1.o(.data)
    m4_E_k                                   0x20000128   Data           4  algorithm_1.o(.data)
    m4_E_sum                                 0x2000012c   Data           4  algorithm_1.o(.data)
    m4_E_k_1                                 0x20000130   Data           4  algorithm_1.o(.data)
    remote_get_r                             0x20000134   Data           4  algorithm_1.o(.data)
    remote_out                               0x20000138   Data           4  algorithm_1.o(.data)
    .bss                                     0x20000170   Section      218  usart.o(.bss)
    .bss                                     0x2000024c   Section      128  can.o(.bss)
    .bss                                     0x200002cc   Section      180  timer.o(.bss)
    .bss                                     0x20000380   Section       96  libspace.o(.bss)
    HEAP                                     0x200003e0   Section      512  startup_stm32f429xx.o(HEAP)
    Heap_Mem                                 0x200003e0   Data         512  startup_stm32f429xx.o(HEAP)
    STACK                                    0x200005e0   Section     1024  startup_stm32f429xx.o(STACK)
    Stack_Mem                                0x200005e0   Data        1024  startup_stm32f429xx.o(STACK)
    __initial_sp                             0x200009e0   Data           0  startup_stm32f429xx.o(STACK)

    Global Symbols

    Symbol Name                              Value     Ov Type        Size  Object(Section)

    BuildAttributes$$THM_ISAv4$E$P$D$K$B$S$7EM$VFPi3$EXTD16$VFPS$VFMA$PE$A:L22UL41UL21$X:L11$S22US41US21$IEEE1$IW$USESV6$~STKCKD$USESV7$~SHL$OTIME$ROPI$IEEEX$EBA8$UX$STANDARDLIB$REQ8$PRES8$EABIv2 0x00000000   Number         0  anon$$obj.o ABSOLUTE
    __ARM_use_no_argv                        0x00000000   Number         0  main.o ABSOLUTE
    __ARM_exceptions_init                     - Undefined Weak Reference
    __alloca_initialize                       - Undefined Weak Reference
    __arm_preinit_                            - Undefined Weak Reference
    __cpp_initialize__aeabi_                  - Undefined Weak Reference
    __cxa_finalize                            - Undefined Weak Reference
    __rt_locale                               - Undefined Weak Reference
    __sigvec_lookup                           - Undefined Weak Reference
    _atexit_init                              - Undefined Weak Reference
    _call_atexit_fns                          - Undefined Weak Reference
    _clock_init                               - Undefined Weak Reference
    _fp_trap_init                             - Undefined Weak Reference
    _fp_trap_shutdown                         - Undefined Weak Reference
    _get_lc_collate                           - Undefined Weak Reference
    _get_lc_ctype                             - Undefined Weak Reference
    _get_lc_monetary                          - Undefined Weak Reference
    _get_lc_numeric                           - Undefined Weak Reference
    _get_lc_time                              - Undefined Weak Reference
    _getenv_init                              - Undefined Weak Reference
    _handle_redirection                       - Undefined Weak Reference
    _init_alloc                               - Undefined Weak Reference
    _init_user_alloc                          - Undefined Weak Reference
    _initio                                   - Undefined Weak Reference
    _rand_init                                - Undefined Weak Reference
    _signal_finish                            - Undefined Weak Reference
    _signal_init                              - Undefined Weak Reference
    _terminate_alloc                          - Undefined Weak Reference
    _terminate_user_alloc                     - Undefined Weak Reference
    _terminateio                              - Undefined Weak Reference
    __Vectors_Size                           0x000001ac   Number         0  startup_stm32f429xx.o ABSOLUTE
    __Vectors                                0x08000000   Data           4  startup_stm32f429xx.o(RESET)
    __Vectors_End                            0x080001ac   Data           0  startup_stm32f429xx.o(RESET)
    __main                                   0x080001ad   Thumb Code     8  __main.o(!!!main)
    __scatterload                            0x080001b5   Thumb Code     0  __scatter.o(!!!scatter)
    __scatterload_rt2                        0x080001b5   Thumb Code    44  __scatter.o(!!!scatter)
    __scatterload_rt2_thumb_only             0x080001b5   Thumb Code     0  __scatter.o(!!!scatter)
    __scatterload_null                       0x080001c3   Thumb Code     0  __scatter.o(!!!scatter)
    __decompress                             0x080001e9   Thumb Code    90  __dczerorl2.o(!!dczerorl2)
    __decompress1                            0x080001e9   Thumb Code     0  __dczerorl2.o(!!dczerorl2)
    __scatterload_zeroinit                   0x08000245   Thumb Code    28  __scatter_zi.o(!!handler_zi)
    __rt_lib_init                            0x08000261   Thumb Code     0  libinit.o(.ARM.Collect$$libinit$$00000000)
    __rt_lib_init_fp_1                       0x08000263   Thumb Code     0  libinit2.o(.ARM.Collect$$libinit$$00000001)
    __rt_lib_init_alloca_1                   0x08000267   Thumb Code     0  libinit2.o(.ARM.Collect$$libinit$$0000002E)
    __rt_lib_init_argv_1                     0x08000267   Thumb Code     0  libinit2.o(.ARM.Collect$$libinit$$0000002C)
    __rt_lib_init_atexit_1                   0x08000267   Thumb Code     0  libinit2.o(.ARM.Collect$$libinit$$0000001B)
    __rt_lib_init_clock_1                    0x08000267   Thumb Code     0  libinit2.o(.ARM.Collect$$libinit$$00000021)
    __rt_lib_init_cpp_1                      0x08000267   Thumb Code     0  libinit2.o(.ARM.Collect$$libinit$$00000032)
    __rt_lib_init_exceptions_1               0x08000267   Thumb Code     0  libinit2.o(.ARM.Collect$$libinit$$00000030)
    __rt_lib_init_fp_trap_1                  0x08000267   Thumb Code     0  libinit2.o(.ARM.Collect$$libinit$$0000001F)
    __rt_lib_init_getenv_1                   0x08000267   Thumb Code     0  libinit2.o(.ARM.Collect$$libinit$$00000023)
    __rt_lib_init_heap_1                     0x08000267   Thumb Code     0  libinit2.o(.ARM.Collect$$libinit$$0000000A)
    __rt_lib_init_lc_collate_1               0x08000267   Thumb Code     0  libinit2.o(.ARM.Collect$$libinit$$00000011)
    __rt_lib_init_lc_ctype_1                 0x08000267   Thumb Code     0  libinit2.o(.ARM.Collect$$libinit$$00000013)
    __rt_lib_init_lc_monetary_1              0x08000267   Thumb Code     0  libinit2.o(.ARM.Collect$$libinit$$00000015)
    __rt_lib_init_lc_numeric_1               0x08000267   Thumb Code     0  libinit2.o(.ARM.Collect$$libinit$$00000017)
    __rt_lib_init_lc_time_1                  0x08000267   Thumb Code     0  libinit2.o(.ARM.Collect$$libinit$$00000019)
    __rt_lib_init_preinit_1                  0x08000267   Thumb Code     0  libinit2.o(.ARM.Collect$$libinit$$00000004)
    __rt_lib_init_rand_1                     0x08000267   Thumb Code     0  libinit2.o(.ARM.Collect$$libinit$$0000000E)
    __rt_lib_init_return                     0x08000267   Thumb Code     0  libinit2.o(.ARM.Collect$$libinit$$00000033)
    __rt_lib_init_signal_1                   0x08000267   Thumb Code     0  libinit2.o(.ARM.Collect$$libinit$$0000001D)
    __rt_lib_init_stdio_1                    0x08000267   Thumb Code     0  libinit2.o(.ARM.Collect$$libinit$$00000025)
    __rt_lib_init_user_alloc_1               0x08000267   Thumb Code     0  libinit2.o(.ARM.Collect$$libinit$$0000000C)
    __rt_lib_shutdown                        0x08000269   Thumb Code     0  libshutdown.o(.ARM.Collect$$libshutdown$$00000000)
    __rt_lib_shutdown_cpp_1                  0x0800026b   Thumb Code     0  libshutdown2.o(.ARM.Collect$$libshutdown$$00000002)
    __rt_lib_shutdown_fp_trap_1              0x0800026b   Thumb Code     0  libshutdown2.o(.ARM.Collect$$libshutdown$$00000007)
    __rt_lib_shutdown_heap_1                 0x0800026b   Thumb Code     0  libshutdown2.o(.ARM.Collect$$libshutdown$$0000000F)
    __rt_lib_shutdown_return                 0x0800026b   Thumb Code     0  libshutdown2.o(.ARM.Collect$$libshutdown$$00000010)
    __rt_lib_shutdown_signal_1               0x0800026b   Thumb Code     0  libshutdown2.o(.ARM.Collect$$libshutdown$$0000000A)
    __rt_lib_shutdown_stdio_1                0x0800026b   Thumb Code     0  libshutdown2.o(.ARM.Collect$$libshutdown$$00000004)
    __rt_lib_shutdown_user_alloc_1           0x0800026b   Thumb Code     0  libshutdown2.o(.ARM.Collect$$libshutdown$$0000000C)
    __rt_entry                               0x0800026d   Thumb Code     0  __rtentry.o(.ARM.Collect$$rtentry$$00000000)
    __rt_entry_presh_1                       0x0800026d   Thumb Code     0  __rtentry2.o(.ARM.Collect$$rtentry$$00000002)
    __rt_entry_sh                            0x0800026d   Thumb Code     0  __rtentry4.o(.ARM.Collect$$rtentry$$00000004)
    __rt_entry_li                            0x08000273   Thumb Code     0  __rtentry2.o(.ARM.Collect$$rtentry$$0000000A)
    __rt_entry_postsh_1                      0x08000273   Thumb Code     0  __rtentry2.o(.ARM.Collect$$rtentry$$00000009)
    __rt_entry_main                          0x08000277   Thumb Code     0  __rtentry2.o(.ARM.Collect$$rtentry$$0000000D)
    __rt_entry_postli_1                      0x08000277   Thumb Code     0  __rtentry2.o(.ARM.Collect$$rtentry$$0000000C)
    __rt_exit                                0x0800027f   Thumb Code     0  rtexit.o(.ARM.Collect$$rtexit$$00000000)
    __rt_exit_ls                             0x08000281   Thumb Code     0  rtexit2.o(.ARM.Collect$$rtexit$$00000003)
    __rt_exit_prels_1                        0x08000281   Thumb Code     0  rtexit2.o(.ARM.Collect$$rtexit$$00000002)
    __rt_exit_exit                           0x08000285   Thumb Code     0  rtexit2.o(.ARM.Collect$$rtexit$$00000004)
    Reset_Handler                            0x0800028d   Thumb Code     8  startup_stm32f429xx.o(.text)
    ADC_IRQHandler                           0x080002a7   Thumb Code     0  startup_stm32f429xx.o(.text)
    CAN1_RX0_IRQHandler                      0x080002a7   Thumb Code     0  startup_stm32f429xx.o(.text)
    CAN1_RX1_IRQHandler                      0x080002a7   Thumb Code     0  startup_stm32f429xx.o(.text)
    CAN1_SCE_IRQHandler                      0x080002a7   Thumb Code     0  startup_stm32f429xx.o(.text)
    CAN1_TX_IRQHandler                       0x080002a7   Thumb Code     0  startup_stm32f429xx.o(.text)
    CAN2_RX0_IRQHandler                      0x080002a7   Thumb Code     0  startup_stm32f429xx.o(.text)
    CAN2_RX1_IRQHandler                      0x080002a7   Thumb Code     0  startup_stm32f429xx.o(.text)
    CAN2_SCE_IRQHandler                      0x080002a7   Thumb Code     0  startup_stm32f429xx.o(.text)
    CAN2_TX_IRQHandler                       0x080002a7   Thumb Code     0  startup_stm32f429xx.o(.text)
    DCMI_IRQHandler                          0x080002a7   Thumb Code     0  startup_stm32f429xx.o(.text)
    DMA1_Stream0_IRQHandler                  0x080002a7   Thumb Code     0  startup_stm32f429xx.o(.text)
    DMA1_Stream1_IRQHandler                  0x080002a7   Thumb Code     0  startup_stm32f429xx.o(.text)
    DMA1_Stream2_IRQHandler                  0x080002a7   Thumb Code     0  startup_stm32f429xx.o(.text)
    DMA1_Stream3_IRQHandler                  0x080002a7   Thumb Code     0  startup_stm32f429xx.o(.text)
    DMA1_Stream4_IRQHandler                  0x080002a7   Thumb Code     0  startup_stm32f429xx.o(.text)
    DMA1_Stream5_IRQHandler                  0x080002a7   Thumb Code     0  startup_stm32f429xx.o(.text)
    DMA1_Stream6_IRQHandler                  0x080002a7   Thumb Code     0  startup_stm32f429xx.o(.text)
    DMA1_Stream7_IRQHandler                  0x080002a7   Thumb Code     0  startup_stm32f429xx.o(.text)
    DMA2D_IRQHandler                         0x080002a7   Thumb Code     0  startup_stm32f429xx.o(.text)
    DMA2_Stream0_IRQHandler                  0x080002a7   Thumb Code     0  startup_stm32f429xx.o(.text)
    DMA2_Stream1_IRQHandler                  0x080002a7   Thumb Code     0  startup_stm32f429xx.o(.text)
    DMA2_Stream2_IRQHandler                  0x080002a7   Thumb Code     0  startup_stm32f429xx.o(.text)
    DMA2_Stream3_IRQHandler                  0x080002a7   Thumb Code     0  startup_stm32f429xx.o(.text)
    DMA2_Stream4_IRQHandler                  0x080002a7   Thumb Code     0  startup_stm32f429xx.o(.text)
    DMA2_Stream5_IRQHandler                  0x080002a7   Thumb Code     0  startup_stm32f429xx.o(.text)
    DMA2_Stream6_IRQHandler                  0x080002a7   Thumb Code     0  startup_stm32f429xx.o(.text)
    DMA2_Stream7_IRQHandler                  0x080002a7   Thumb Code     0  startup_stm32f429xx.o(.text)
    ETH_IRQHandler                           0x080002a7   Thumb Code     0  startup_stm32f429xx.o(.text)
    ETH_WKUP_IRQHandler                      0x080002a7   Thumb Code     0  startup_stm32f429xx.o(.text)
    EXTI0_IRQHandler                         0x080002a7   Thumb Code     0  startup_stm32f429xx.o(.text)
    EXTI15_10_IRQHandler                     0x080002a7   Thumb Code     0  startup_stm32f429xx.o(.text)
    EXTI1_IRQHandler                         0x080002a7   Thumb Code     0  startup_stm32f429xx.o(.text)
    EXTI2_IRQHandler                         0x080002a7   Thumb Code     0  startup_stm32f429xx.o(.text)
    EXTI3_IRQHandler                         0x080002a7   Thumb Code     0  startup_stm32f429xx.o(.text)
    EXTI4_IRQHandler                         0x080002a7   Thumb Code     0  startup_stm32f429xx.o(.text)
    EXTI9_5_IRQHandler                       0x080002a7   Thumb Code     0  startup_stm32f429xx.o(.text)
    FLASH_IRQHandler                         0x080002a7   Thumb Code     0  startup_stm32f429xx.o(.text)
    FMC_IRQHandler                           0x080002a7   Thumb Code     0  startup_stm32f429xx.o(.text)
    FPU_IRQHandler                           0x080002a7   Thumb Code     0  startup_stm32f429xx.o(.text)
    HASH_RNG_IRQHandler                      0x080002a7   Thumb Code     0  startup_stm32f429xx.o(.text)
    I2C1_ER_IRQHandler                       0x080002a7   Thumb Code     0  startup_stm32f429xx.o(.text)
    I2C1_EV_IRQHandler                       0x080002a7   Thumb Code     0  startup_stm32f429xx.o(.text)
    I2C2_ER_IRQHandler                       0x080002a7   Thumb Code     0  startup_stm32f429xx.o(.text)
    I2C2_EV_IRQHandler                       0x080002a7   Thumb Code     0  startup_stm32f429xx.o(.text)
    I2C3_ER_IRQHandler                       0x080002a7   Thumb Code     0  startup_stm32f429xx.o(.text)
    I2C3_EV_IRQHandler                       0x080002a7   Thumb Code     0  startup_stm32f429xx.o(.text)
    LTDC_ER_IRQHandler                       0x080002a7   Thumb Code     0  startup_stm32f429xx.o(.text)
    LTDC_IRQHandler                          0x080002a7   Thumb Code     0  startup_stm32f429xx.o(.text)
    OTG_FS_IRQHandler                        0x080002a7   Thumb Code     0  startup_stm32f429xx.o(.text)
    OTG_FS_WKUP_IRQHandler                   0x080002a7   Thumb Code     0  startup_stm32f429xx.o(.text)
    OTG_HS_EP1_IN_IRQHandler                 0x080002a7   Thumb Code     0  startup_stm32f429xx.o(.text)
    OTG_HS_EP1_OUT_IRQHandler                0x080002a7   Thumb Code     0  startup_stm32f429xx.o(.text)
    OTG_HS_IRQHandler                        0x080002a7   Thumb Code     0  startup_stm32f429xx.o(.text)
    OTG_HS_WKUP_IRQHandler                   0x080002a7   Thumb Code     0  startup_stm32f429xx.o(.text)
    PVD_IRQHandler                           0x080002a7   Thumb Code     0  startup_stm32f429xx.o(.text)
    RCC_IRQHandler                           0x080002a7   Thumb Code     0  startup_stm32f429xx.o(.text)
    RTC_Alarm_IRQHandler                     0x080002a7   Thumb Code     0  startup_stm32f429xx.o(.text)
    RTC_WKUP_IRQHandler                      0x080002a7   Thumb Code     0  startup_stm32f429xx.o(.text)
    SAI1_IRQHandler                          0x080002a7   Thumb Code     0  startup_stm32f429xx.o(.text)
    SDIO_IRQHandler                          0x080002a7   Thumb Code     0  startup_stm32f429xx.o(.text)
    SPI1_IRQHandler                          0x080002a7   Thumb Code     0  startup_stm32f429xx.o(.text)
    SPI2_IRQHandler                          0x080002a7   Thumb Code     0  startup_stm32f429xx.o(.text)
    SPI3_IRQHandler                          0x080002a7   Thumb Code     0  startup_stm32f429xx.o(.text)
    SPI4_IRQHandler                          0x080002a7   Thumb Code     0  startup_stm32f429xx.o(.text)
    SPI5_IRQHandler                          0x080002a7   Thumb Code     0  startup_stm32f429xx.o(.text)
    SPI6_IRQHandler                          0x080002a7   Thumb Code     0  startup_stm32f429xx.o(.text)
    TAMP_STAMP_IRQHandler                    0x080002a7   Thumb Code     0  startup_stm32f429xx.o(.text)
    TIM1_BRK_TIM9_IRQHandler                 0x080002a7   Thumb Code     0  startup_stm32f429xx.o(.text)
    TIM1_CC_IRQHandler                       0x080002a7   Thumb Code     0  startup_stm32f429xx.o(.text)
    TIM1_TRG_COM_TIM11_IRQHandler            0x080002a7   Thumb Code     0  startup_stm32f429xx.o(.text)
    TIM1_UP_TIM10_IRQHandler                 0x080002a7   Thumb Code     0  startup_stm32f429xx.o(.text)
    TIM2_IRQHandler                          0x080002a7   Thumb Code     0  startup_stm32f429xx.o(.text)
    TIM6_DAC_IRQHandler                      0x080002a7   Thumb Code     0  startup_stm32f429xx.o(.text)
    TIM7_IRQHandler                          0x080002a7   Thumb Code     0  startup_stm32f429xx.o(.text)
    TIM8_BRK_TIM12_IRQHandler                0x080002a7   Thumb Code     0  startup_stm32f429xx.o(.text)
    TIM8_CC_IRQHandler                       0x080002a7   Thumb Code     0  startup_stm32f429xx.o(.text)
    TIM8_TRG_COM_TIM14_IRQHandler            0x080002a7   Thumb Code     0  startup_stm32f429xx.o(.text)
    TIM8_UP_TIM13_IRQHandler                 0x080002a7   Thumb Code     0  startup_stm32f429xx.o(.text)
    UART4_IRQHandler                         0x080002a7   Thumb Code     0  startup_stm32f429xx.o(.text)
    UART5_IRQHandler                         0x080002a7   Thumb Code     0  startup_stm32f429xx.o(.text)
    UART7_IRQHandler                         0x080002a7   Thumb Code     0  startup_stm32f429xx.o(.text)
    UART8_IRQHandler                         0x080002a7   Thumb Code     0  startup_stm32f429xx.o(.text)
    USART3_IRQHandler                        0x080002a7   Thumb Code     0  startup_stm32f429xx.o(.text)
    USART6_IRQHandler                        0x080002a7   Thumb Code     0  startup_stm32f429xx.o(.text)
    WWDG_IRQHandler                          0x080002a7   Thumb Code     0  startup_stm32f429xx.o(.text)
    __user_initial_stackheap                 0x080002a9   Thumb Code     0  startup_stm32f429xx.o(.text)
    __use_no_semihosting                     0x080002cd   Thumb Code     2  use_no_semi_2.o(.text)
    __use_two_region_memory                  0x080002cf   Thumb Code     2  heapauxi.o(.text)
    __rt_heap_escrow$2region                 0x080002d1   Thumb Code     2  heapauxi.o(.text)
    __rt_heap_expand$2region                 0x080002d3   Thumb Code     2  heapauxi.o(.text)
    __I$use$semihosting                      0x080002d5   Thumb Code     0  use_no_semi.o(.text)
    __use_no_semihosting_swi                 0x080002d5   Thumb Code     2  use_no_semi.o(.text)
    __user_setup_stackheap                   0x080002d7   Thumb Code    74  sys_stackheap_outer.o(.text)
    exit                                     0x08000321   Thumb Code    18  exit.o(.text)
    __user_libspace                          0x08000335   Thumb Code     8  libspace.o(.text)
    __user_perproc_libspace                  0x08000335   Thumb Code     0  libspace.o(.text)
    __user_perthread_libspace                0x08000335   Thumb Code     0  libspace.o(.text)
    BusFault_Handler                         0x0800033d   Thumb Code     2  stm32f4xx_it.o(i.BusFault_Handler)
    CAN1_Mode_Init                           0x08000341   Thumb Code   100  can.o(i.CAN1_Mode_Init)
    CAN1_Receive_Msg                         0x080003ad   Thumb Code    60  can.o(i.CAN1_Receive_Msg)
    CAN1_Send_Msg                            0x080003ed   Thumb Code    62  can.o(i.CAN1_Send_Msg)
    DebugMon_Handler                         0x08000431   Thumb Code     2  stm32f4xx_it.o(i.DebugMon_Handler)
    GPIO_AF_Set                              0x08000433   Thumb Code    32  sys.o(i.GPIO_AF_Set)
    GPIO_Set                                 0x08000453   Thumb Code   128  sys.o(i.GPIO_Set)
    HAL_CAN_ConfigFilter                     0x080004d5   Thumb Code   218  stm32f4xx_hal_can.o(i.HAL_CAN_ConfigFilter)
    HAL_CAN_Init                             0x080005b9   Thumb Code   324  stm32f4xx_hal_can.o(i.HAL_CAN_Init)
    HAL_CAN_MspInit                          0x080006fd   Thumb Code    72  can.o(i.HAL_CAN_MspInit)
    HAL_CAN_Receive                          0x0800074d   Thumb Code   320  stm32f4xx_hal_can.o(i.HAL_CAN_Receive)
    HAL_CAN_Transmit                         0x0800088d   Thumb Code   360  stm32f4xx_hal_can.o(i.HAL_CAN_Transmit)
    HAL_GPIO_Init                            0x08000a01   Thumb Code   422  stm32f4xx_hal_gpio.o(i.HAL_GPIO_Init)
    HAL_GPIO_WritePin                        0x08000bdd   Thumb Code    10  stm32f4xx_hal_gpio.o(i.HAL_GPIO_WritePin)
    HAL_GetTick                              0x08000be9   Thumb Code     6  stm32f4xx_hal.o(i.HAL_GetTick)
    HAL_IncTick                              0x08000bf5   Thumb Code    10  stm32f4xx_hal.o(i.HAL_IncTick)
    HAL_Init                                 0x08000c05   Thumb Code    48  stm32f4xx_hal.o(i.HAL_Init)
    HAL_InitTick                             0x08000c39   Thumb Code    34  stm32f4xx_hal.o(i.HAL_InitTick)
    HAL_MspInit                              0x08000c5b   Thumb Code     8  stm32f4xx_hal.o(i.HAL_MspInit)
    HAL_NVIC_EnableIRQ                       0x08000c63   Thumb Code    22  stm32f4xx_hal_cortex.o(i.HAL_NVIC_EnableIRQ)
    HAL_NVIC_SetPriority                     0x08000c79   Thumb Code    60  stm32f4xx_hal_cortex.o(i.HAL_NVIC_SetPriority)
    HAL_NVIC_SetPriorityGrouping             0x08000cb9   Thumb Code    26  stm32f4xx_hal_cortex.o(i.HAL_NVIC_SetPriorityGrouping)
    HAL_PWREx_EnableOverDrive                0x08000cdd   Thumb Code   122  stm32f4xx_hal_pwr_ex.o(i.HAL_PWREx_EnableOverDrive)
    HAL_RCC_ClockConfig                      0x08000d65   Thumb Code   512  stm32f4xx_hal_rcc.o(i.HAL_RCC_ClockConfig)
    HAL_RCC_GetHCLKFreq                      0x08000f6d   Thumb Code    38  stm32f4xx_hal_rcc.o(i.HAL_RCC_GetHCLKFreq)
    HAL_RCC_GetSysClockFreq                  0x08000fa1   Thumb Code   104  stm32f4xx_hal_rcc.o(i.HAL_RCC_GetSysClockFreq)
    HAL_RCC_OscConfig                        0x08001015   Thumb Code   774  stm32f4xx_hal_rcc.o(i.HAL_RCC_OscConfig)
    HAL_SYSTICK_CLKSourceConfig              0x08001331   Thumb Code    24  stm32f4xx_hal_cortex.o(i.HAL_SYSTICK_CLKSourceConfig)
    HAL_SYSTICK_Config                       0x08001349   Thumb Code    40  stm32f4xx_hal_cortex.o(i.HAL_SYSTICK_Config)
    HAL_TIMEx_BreakCallback                  0x08001371   Thumb Code     2  stm32f4xx_hal_tim_ex.o(i.HAL_TIMEx_BreakCallback)
    HAL_TIMEx_CommutationCallback            0x08001373   Thumb Code     2  stm32f4xx_hal_tim_ex.o(i.HAL_TIMEx_CommutationCallback)
    HAL_TIM_Base_Init                        0x08001375   Thumb Code    54  stm32f4xx_hal_tim.o(i.HAL_TIM_Base_Init)
    HAL_TIM_Base_MspInit                     0x080013ad   Thumb Code   132  timer.o(i.HAL_TIM_Base_MspInit)
    HAL_TIM_Base_Start_IT                    0x08001441   Thumb Code    24  stm32f4xx_hal_tim.o(i.HAL_TIM_Base_Start_IT)
    HAL_TIM_IC_CaptureCallback               0x08001459   Thumb Code     2  stm32f4xx_hal_tim.o(i.HAL_TIM_IC_CaptureCallback)
    HAL_TIM_IRQHandler                       0x0800145b   Thumb Code   358  stm32f4xx_hal_tim.o(i.HAL_TIM_IRQHandler)
    HAL_TIM_OC_DelayElapsedCallback          0x080015c1   Thumb Code     2  stm32f4xx_hal_tim.o(i.HAL_TIM_OC_DelayElapsedCallback)
    HAL_TIM_PWM_PulseFinishedCallback        0x080015c3   Thumb Code     2  stm32f4xx_hal_tim.o(i.HAL_TIM_PWM_PulseFinishedCallback)
    HAL_TIM_PeriodElapsedCallback            0x080015c5   Thumb Code   770  timer.o(i.HAL_TIM_PeriodElapsedCallback)
    HAL_TIM_TriggerCallback                  0x080018fd   Thumb Code     2  stm32f4xx_hal_tim.o(i.HAL_TIM_TriggerCallback)
    HardFault_Handler                        0x080018ff   Thumb Code     2  stm32f4xx_it.o(i.HardFault_Handler)
    KEY_Init                                 0x08001901   Thumb Code    52  key.o(i.KEY_Init)
    LED_Init                                 0x0800193d   Thumb Code   148  led.o(i.LED_Init)
    MY_NVIC_Init                             0x080019e1   Thumb Code    74  sys.o(i.MY_NVIC_Init)
    MY_NVIC_PriorityGroupConfig              0x08001a2d   Thumb Code    26  sys.o(i.MY_NVIC_PriorityGroupConfig)
    MemManage_Handler                        0x08001a51   Thumb Code     2  stm32f4xx_it.o(i.MemManage_Handler)
    NMI_Handler                              0x08001a53   Thumb Code     2  stm32f4xx_it.o(i.NMI_Handler)
    PID_Bottom_moto1                         0x08001a75   Thumb Code   158  algorithm_1.o(i.PID_Bottom_moto1)
    PID_Bottom_moto2                         0x08001b31   Thumb Code   126  algorithm_1.o(i.PID_Bottom_moto2)
    PID_Bottom_moto3                         0x08001bcd   Thumb Code   130  algorithm_1.o(i.PID_Bottom_moto3)
    PID_Bottom_moto4                         0x08001c6d   Thumb Code   130  algorithm_1.o(i.PID_Bottom_moto4)
    PID_Pitch                                0x08001d0d   Thumb Code   148  algorithm_1.o(i.PID_Pitch)
    PID_Yaw                                  0x08001dbd   Thumb Code   120  algorithm_1.o(i.PID_Yaw)
    PendSV_Handler                           0x08001e49   Thumb Code     2  stm32f4xx_it.o(i.PendSV_Handler)
    Position_Cal                             0x08001e4d   Thumb Code    58  algorithm_1.o(i.Position_Cal)
    SVC_Handler                              0x08001e8d   Thumb Code     2  stm32f4xx_it.o(i.SVC_Handler)
    Stm32_Clock_Init                         0x08001e91   Thumb Code   122  sys.o(i.Stm32_Clock_Init)
    SysTick_Handler                          0x08001f15   Thumb Code     4  stm32f4xx_it.o(i.SysTick_Handler)
    SystemInit                               0x08001f19   Thumb Code    66  system_stm32f4xx.o(i.SystemInit)
    TIM3_IRQHandler                          0x08001f6d   Thumb Code     6  timer.o(i.TIM3_IRQHandler)
    TIM3_Init                                0x08001f79   Thumb Code   148  timer.o(i.TIM3_Init)
    TIM4_IRQHandler                          0x08002021   Thumb Code     6  timer.o(i.TIM4_IRQHandler)
    TIM4_Init                                0x0800202d   Thumb Code    34  timer.o(i.TIM4_Init)
    TIM5_IRQHandler                          0x08002059   Thumb Code     6  timer.o(i.TIM5_IRQHandler)
    TIM5_Init                                0x08002065   Thumb Code    34  timer.o(i.TIM5_Init)
    TIM_Base_SetConfig                       0x08002091   Thumb Code   148  stm32f4xx_hal_tim.o(i.TIM_Base_SetConfig)
    USART1_IRQHandler                        0x08002151   Thumb Code   350  usart.o(i.USART1_IRQHandler)
    USART2_IRQHandler                        0x080022e9   Thumb Code   156  usart.o(i.USART2_IRQHandler)
    UsageFault_Handler                       0x08002399   Thumb Code     2  stm32f4xx_it.o(i.UsageFault_Handler)
    _sys_exit                                0x0800239b   Thumb Code     2  usart.o(i._sys_exit)
    delay_init                               0x0800239d   Thumb Code    16  delay.o(i.delay_init)
    delay_us                                 0x080023b1   Thumb Code    48  delay.o(i.delay_us)
    main                                     0x080023e5   Thumb Code   368  main.o(i.main)
    remote_angle_cal                         0x08002579   Thumb Code   118  algorithm_1.o(i.remote_angle_cal)
    uart1_init                               0x08002601   Thumb Code   208  usart.o(i.uart1_init)
    uart2_init                               0x080026e1   Thumb Code   220  usart.o(i.uart2_init)
    __aeabi_d2f                              0x080027cd   Thumb Code     0  d2f.o(x$fpl$d2f)
    _d2f                                     0x080027cd   Thumb Code    98  d2f.o(x$fpl$d2f)
    __aeabi_dadd                             0x08002831   Thumb Code     0  daddsub_clz.o(x$fpl$dadd)
    _dadd                                    0x08002831   Thumb Code   332  daddsub_clz.o(x$fpl$dadd)
    __aeabi_dmul                             0x08002981   Thumb Code     0  dmul.o(x$fpl$dmul)
    _dmul                                    0x08002981   Thumb Code   332  dmul.o(x$fpl$dmul)
    __fpl_dnaninf                            0x08002ad5   Thumb Code   156  dnaninf.o(x$fpl$dnaninf)
    __fpl_dretinf                            0x08002b71   Thumb Code    12  dretinf.o(x$fpl$dretinf)
    __aeabi_dsub                             0x08002b7d   Thumb Code     0  daddsub_clz.o(x$fpl$dsub)
    _dsub                                    0x08002b7d   Thumb Code   464  daddsub_clz.o(x$fpl$dsub)
    __aeabi_f2d                              0x08002d51   Thumb Code     0  f2d.o(x$fpl$f2d)
    _f2d                                     0x08002d51   Thumb Code    86  f2d.o(x$fpl$f2d)
    __fpl_fnaninf                            0x08002da7   Thumb Code   140  fnaninf.o(x$fpl$fnaninf)
    _fp_init                                 0x08002e33   Thumb Code    10  fpinit.o(x$fpl$fpinit)
    __fplib_config_fpu_vfp                   0x08002e3b   Thumb Code     0  fpinit.o(x$fpl$fpinit)
    __fplib_config_pureend_doubles           0x08002e3b   Thumb Code     0  fpinit.o(x$fpl$fpinit)
    __fpl_fretinf                            0x08002e3d   Thumb Code    10  fretinf.o(x$fpl$fretinf)
    APBAHBPrescTable                         0x08002e46   Data          16  stm32f4xx_hal_rcc.o(.constdata)
    __I$use$fp                               0x08002e46   Number         0  usenofp.o(x$fpl$usenofp)
    Region$$Table$$Base                      0x08002e58   Number         0  anon$$obj.o(Region$$Table)
    Region$$Table$$Limit                     0x08002e78   Number         0  anon$$obj.o(Region$$Table)
    SystemCoreClock                          0x20000000   Data           4  system_stm32f4xx.o(.data)
    AHBPrescTable                            0x20000004   Data          16  system_stm32f4xx.o(.data)
    usart_key                                0x2000001c   Data           1  usart.o(.data)
    s1                                       0x20000020   Data           1  usart.o(.data)
    s2                                       0x20000021   Data           1  usart.o(.data)
    remote_i                                 0x20000022   Data           1  usart.o(.data)
    USART_RX_STA                             0x20000024   Data           2  usart.o(.data)
    USART_RX_STA2                            0x20000026   Data           2  usart.o(.data)
    ch0                                      0x20000028   Data           2  usart.o(.data)
    ch1                                      0x2000002a   Data           2  usart.o(.data)
    ch2_left_x                               0x2000002c   Data           2  usart.o(.data)
    ch3_left_y                               0x2000002e   Data           2  usart.o(.data)
    Kp_Usart                                 0x20000030   Data           4  usart.o(.data)
    Ki_Usart                                 0x20000034   Data           4  usart.o(.data)
    Kd_Usart                                 0x20000038   Data           4  usart.o(.data)
    pwm_gate                                 0x2000003c   Data           1  timer.o(.data)
    pwm_gate2                                0x2000003d   Data           1  timer.o(.data)
    w1                                       0x20000040   Data           2  timer.o(.data)
    w2                                       0x20000042   Data           2  timer.o(.data)
    wz                                       0x20000044   Data           2  timer.o(.data)
    moto_201_pv                              0x2000004a   Data           2  timer.o(.data)
    moto_202_pv                              0x2000004c   Data           2  timer.o(.data)
    moto_203_pv                              0x2000004e   Data           2  timer.o(.data)
    moto_204_pv                              0x20000050   Data           2  timer.o(.data)
    moto_201_out                             0x20000052   Data           2  timer.o(.data)
    moto_202_out                             0x20000054   Data           2  timer.o(.data)
    moto_203_out                             0x20000056   Data           2  timer.o(.data)
    moto_204_out                             0x20000058   Data           2  timer.o(.data)
    moto_pitch_out                           0x2000005a   Data           2  timer.o(.data)
    moto_yaw_out                             0x2000005c   Data           2  timer.o(.data)
    w_pitch                                  0x2000005e   Data           2  timer.o(.data)
    remote_x                                 0x20000070   Data           4  timer.o(.data)
    remote_y                                 0x20000074   Data           4  timer.o(.data)
    remote_rot                               0x20000078   Data           4  timer.o(.data)
    yun_pitch_sv                             0x2000007c   Data           4  timer.o(.data)
    yun_pitch_pv                             0x20000080   Data           4  timer.o(.data)
    yun_yaw_pv                               0x20000084   Data           4  timer.o(.data)
    moto_201_sv                              0x20000088   Data           4  timer.o(.data)
    moto_202_sv                              0x2000008c   Data           4  timer.o(.data)
    moto_203_sv                              0x20000090   Data           4  timer.o(.data)
    moto_204_sv                              0x20000094   Data           4  timer.o(.data)
    remote_p                                 0x20000098   Data           4  timer.o(.data)
    pos                                      0x2000009e   Data           2  algorithm_1.o(.data)
    pos_dif                                  0x200000a0   Data           2  algorithm_1.o(.data)
    Kp_201                                   0x200000a4   Data           4  algorithm_1.o(.data)
    Ki_201                                   0x200000a8   Data           4  algorithm_1.o(.data)
    Kd_201                                   0x200000ac   Data           4  algorithm_1.o(.data)
    Kp_202                                   0x200000b0   Data           4  algorithm_1.o(.data)
    Ki_202                                   0x200000b4   Data           4  algorithm_1.o(.data)
    Kd_202                                   0x200000b8   Data           4  algorithm_1.o(.data)
    Kp_203                                   0x200000bc   Data           4  algorithm_1.o(.data)
    Ki_203                                   0x200000c0   Data           4  algorithm_1.o(.data)
    Kd_203                                   0x200000c4   Data           4  algorithm_1.o(.data)
    Kp_204                                   0x200000c8   Data           4  algorithm_1.o(.data)
    Ki_204                                   0x200000cc   Data           4  algorithm_1.o(.data)
    Kd_204                                   0x200000d0   Data           4  algorithm_1.o(.data)
    Kp_p                                     0x200000d4   Data           4  algorithm_1.o(.data)
    Ki_p                                     0x200000d8   Data           4  algorithm_1.o(.data)
    Kd_p                                     0x200000dc   Data           4  algorithm_1.o(.data)
    Kp_y                                     0x200000e0   Data           4  algorithm_1.o(.data)
    Ki_y                                     0x200000e4   Data           4  algorithm_1.o(.data)
    Kd_y                                     0x200000e8   Data           4  algorithm_1.o(.data)
    Yaw_E_k                                  0x200000ec   Data           4  algorithm_1.o(.data)
    Yaw_E_sum                                0x200000f0   Data           4  algorithm_1.o(.data)
    Yaw_E_k_1                                0x200000f4   Data           4  algorithm_1.o(.data)
    ang                                      0x2000013c   Data           4  algorithm_1.o(.data)
    Pout_Pitch                               0x20000140   Data           4  algorithm_1.o(.data)
    Iout_Pitch                               0x20000144   Data           4  algorithm_1.o(.data)
    Dout_Pitch                               0x20000148   Data           4  algorithm_1.o(.data)
    OUT_Pitch                                0x2000014c   Data           4  algorithm_1.o(.data)
    Pout_Yaw                                 0x20000150   Data           4  algorithm_1.o(.data)
    Iout_Yaw                                 0x20000154   Data           4  algorithm_1.o(.data)
    Dout_Yaw                                 0x20000158   Data           4  algorithm_1.o(.data)
    OUT_Yaw                                  0x2000015c   Data           4  algorithm_1.o(.data)
    Pout                                     0x20000160   Data           4  algorithm_1.o(.data)
    Iout                                     0x20000164   Data           4  algorithm_1.o(.data)
    Dout                                     0x20000168   Data           4  algorithm_1.o(.data)
    OUT                                      0x2000016c   Data           4  algorithm_1.o(.data)
    USART_RX_BUF                             0x20000170   Data          18  usart.o(.bss)
    USART_RX_BUF2                            0x20000182   Data         200  usart.o(.bss)
    CAN1_Handler                             0x2000024c   Data          64  can.o(.bss)
    TxMessage                                0x2000028c   Data          28  can.o(.bss)
    RxMessage                                0x200002a8   Data          36  can.o(.bss)
    TIM3_Handler                             0x200002cc   Data          60  timer.o(.bss)
    TIM4_Handler                             0x20000308   Data          60  timer.o(.bss)
    TIM5_Handler                             0x20000344   Data          60  timer.o(.bss)
    __libspace_start                         0x20000380   Data          96  libspace.o(.bss)
    __temporary_stack_top$libspace           0x200003e0   Data           0  libspace.o(.bss)



==============================================================================

Memory Map of the image

  Image Entry point : 0x080001ad

  Load Region LR_IROM1 (Base: 0x08000000, Size: 0x00002fe8, Max: 0x00100000, ABSOLUTE, COMPRESSED[0x00002ea8])

    Execution Region ER_IROM1 (Base: 0x08000000, Size: 0x00002e78, Max: 0x00100000, ABSOLUTE)

    Base Addr    Size         Type   Attr      Idx    E Section Name        Object

    0x08000000   0x000001ac   Data   RO          488    RESET               startup_stm32f429xx.o
    0x080001ac   0x00000008   Code   RO         3704  * !!!main             c_w.l(__main.o)
    0x080001b4   0x00000034   Code   RO         3924    !!!scatter          c_w.l(__scatter.o)
    0x080001e8   0x0000005a   Code   RO         3922    !!dczerorl2         c_w.l(__dczerorl2.o)
    0x08000242   0x00000002   PAD
    0x08000244   0x0000001c   Code   RO         3926    !!handler_zi        c_w.l(__scatter_zi.o)
    0x08000260   0x00000002   Code   RO         3798    .ARM.Collect$$libinit$$00000000  c_w.l(libinit.o)
    0x08000262   0x00000004   Code   RO         3804    .ARM.Collect$$libinit$$00000001  c_w.l(libinit2.o)
    0x08000266   0x00000000   Code   RO         3807    .ARM.Collect$$libinit$$00000004  c_w.l(libinit2.o)
    0x08000266   0x00000000   Code   RO         3810    .ARM.Collect$$libinit$$0000000A  c_w.l(libinit2.o)
    0x08000266   0x00000000   Code   RO         3812    .ARM.Collect$$libinit$$0000000C  c_w.l(libinit2.o)
    0x08000266   0x00000000   Code   RO         3814    .ARM.Collect$$libinit$$0000000E  c_w.l(libinit2.o)
    0x08000266   0x00000000   Code   RO         3817    .ARM.Collect$$libinit$$00000011  c_w.l(libinit2.o)
    0x08000266   0x00000000   Code   RO         3819    .ARM.Collect$$libinit$$00000013  c_w.l(libinit2.o)
    0x08000266   0x00000000   Code   RO         3821    .ARM.Collect$$libinit$$00000015  c_w.l(libinit2.o)
    0x08000266   0x00000000   Code   RO         3823    .ARM.Collect$$libinit$$00000017  c_w.l(libinit2.o)
    0x08000266   0x00000000   Code   RO         3825    .ARM.Collect$$libinit$$00000019  c_w.l(libinit2.o)
    0x08000266   0x00000000   Code   RO         3827    .ARM.Collect$$libinit$$0000001B  c_w.l(libinit2.o)
    0x08000266   0x00000000   Code   RO         3829    .ARM.Collect$$libinit$$0000001D  c_w.l(libinit2.o)
    0x08000266   0x00000000   Code   RO         3831    .ARM.Collect$$libinit$$0000001F  c_w.l(libinit2.o)
    0x08000266   0x00000000   Code   RO         3833    .ARM.Collect$$libinit$$00000021  c_w.l(libinit2.o)
    0x08000266   0x00000000   Code   RO         3835    .ARM.Collect$$libinit$$00000023  c_w.l(libinit2.o)
    0x08000266   0x00000000   Code   RO         3837    .ARM.Collect$$libinit$$00000025  c_w.l(libinit2.o)
    0x08000266   0x00000000   Code   RO         3841    .ARM.Collect$$libinit$$0000002C  c_w.l(libinit2.o)
    0x08000266   0x00000000   Code   RO         3843    .ARM.Collect$$libinit$$0000002E  c_w.l(libinit2.o)
    0x08000266   0x00000000   Code   RO         3845    .ARM.Collect$$libinit$$00000030  c_w.l(libinit2.o)
    0x08000266   0x00000000   Code   RO         3847    .ARM.Collect$$libinit$$00000032  c_w.l(libinit2.o)
    0x08000266   0x00000002   Code   RO         3848    .ARM.Collect$$libinit$$00000033  c_w.l(libinit2.o)
    0x08000268   0x00000002   Code   RO         3866    .ARM.Collect$$libshutdown$$00000000  c_w.l(libshutdown.o)
    0x0800026a   0x00000000   Code   RO         3876    .ARM.Collect$$libshutdown$$00000002  c_w.l(libshutdown2.o)
    0x0800026a   0x00000000   Code   RO         3878    .ARM.Collect$$libshutdown$$00000004  c_w.l(libshutdown2.o)
    0x0800026a   0x00000000   Code   RO         3881    .ARM.Collect$$libshutdown$$00000007  c_w.l(libshutdown2.o)
    0x0800026a   0x00000000   Code   RO         3884    .ARM.Collect$$libshutdown$$0000000A  c_w.l(libshutdown2.o)
    0x0800026a   0x00000000   Code   RO         3886    .ARM.Collect$$libshutdown$$0000000C  c_w.l(libshutdown2.o)
    0x0800026a   0x00000000   Code   RO         3889    .ARM.Collect$$libshutdown$$0000000F  c_w.l(libshutdown2.o)
    0x0800026a   0x00000002   Code   RO         3890    .ARM.Collect$$libshutdown$$00000010  c_w.l(libshutdown2.o)
    0x0800026c   0x00000000   Code   RO         3734    .ARM.Collect$$rtentry$$00000000  c_w.l(__rtentry.o)
    0x0800026c   0x00000000   Code   RO         3775    .ARM.Collect$$rtentry$$00000002  c_w.l(__rtentry2.o)
    0x0800026c   0x00000006   Code   RO         3787    .ARM.Collect$$rtentry$$00000004  c_w.l(__rtentry4.o)
    0x08000272   0x00000000   Code   RO         3777    .ARM.Collect$$rtentry$$00000009  c_w.l(__rtentry2.o)
    0x08000272   0x00000004   Code   RO         3778    .ARM.Collect$$rtentry$$0000000A  c_w.l(__rtentry2.o)
    0x08000276   0x00000000   Code   RO         3780    .ARM.Collect$$rtentry$$0000000C  c_w.l(__rtentry2.o)
    0x08000276   0x00000008   Code   RO         3781    .ARM.Collect$$rtentry$$0000000D  c_w.l(__rtentry2.o)
    0x0800027e   0x00000002   Code   RO         3802    .ARM.Collect$$rtexit$$00000000  c_w.l(rtexit.o)
    0x08000280   0x00000000   Code   RO         3850    .ARM.Collect$$rtexit$$00000002  c_w.l(rtexit2.o)
    0x08000280   0x00000004   Code   RO         3851    .ARM.Collect$$rtexit$$00000003  c_w.l(rtexit2.o)
    0x08000284   0x00000006   Code   RO         3852    .ARM.Collect$$rtexit$$00000004  c_w.l(rtexit2.o)
    0x0800028a   0x00000002   PAD
    0x0800028c   0x00000040   Code   RO          489    .text               startup_stm32f429xx.o
    0x080002cc   0x00000002   Code   RO         3698    .text               c_w.l(use_no_semi_2.o)
    0x080002ce   0x00000006   Code   RO         3702    .text               c_w.l(heapauxi.o)
    0x080002d4   0x00000002   Code   RO         3732    .text               c_w.l(use_no_semi.o)
    0x080002d6   0x0000004a   Code   RO         3789    .text               c_w.l(sys_stackheap_outer.o)
    0x08000320   0x00000012   Code   RO         3791    .text               c_w.l(exit.o)
    0x08000332   0x00000002   PAD
    0x08000334   0x00000008   Code   RO         3799    .text               c_w.l(libspace.o)
    0x0800033c   0x00000002   Code   RO          275    i.BusFault_Handler  stm32f4xx_it.o
    0x0800033e   0x00000002   PAD
    0x08000340   0x0000006c   Code   RO         3498    i.CAN1_Mode_Init    can.o
    0x080003ac   0x00000040   Code   RO         3499    i.CAN1_Receive_Msg  can.o
    0x080003ec   0x00000044   Code   RO         3500    i.CAN1_Send_Msg     can.o
    0x08000430   0x00000002   Code   RO          276    i.DebugMon_Handler  stm32f4xx_it.o
    0x08000432   0x00000020   Code   RO         3308    i.GPIO_AF_Set       sys.o
    0x08000452   0x00000080   Code   RO         3309    i.GPIO_Set          sys.o
    0x080004d2   0x00000002   PAD
    0x080004d4   0x000000e4   Code   RO         3141    i.HAL_CAN_ConfigFilter  stm32f4xx_hal_can.o
    0x080005b8   0x00000144   Code   RO         3147    i.HAL_CAN_Init      stm32f4xx_hal_can.o
    0x080006fc   0x00000050   Code   RO         3501    i.HAL_CAN_MspInit   can.o
    0x0800074c   0x00000140   Code   RO         3150    i.HAL_CAN_Receive   stm32f4xx_hal_can.o
    0x0800088c   0x00000174   Code   RO         3154    i.HAL_CAN_Transmit  stm32f4xx_hal_can.o
    0x08000a00   0x000001dc   Code   RO          780    i.HAL_GPIO_Init     stm32f4xx_hal_gpio.o
    0x08000bdc   0x0000000a   Code   RO          784    i.HAL_GPIO_WritePin  stm32f4xx_hal_gpio.o
    0x08000be6   0x00000002   PAD
    0x08000be8   0x0000000c   Code   RO          511    i.HAL_GetTick       stm32f4xx_hal.o
    0x08000bf4   0x00000010   Code   RO          512    i.HAL_IncTick       stm32f4xx_hal.o
    0x08000c04   0x00000034   Code   RO          513    i.HAL_Init          stm32f4xx_hal.o
    0x08000c38   0x00000022   Code   RO          514    i.HAL_InitTick      stm32f4xx_hal.o
    0x08000c5a   0x00000008   Code   RO          516    i.HAL_MspInit       stm32f4xx_hal.o
    0x08000c62   0x00000016   Code   RO          657    i.HAL_NVIC_EnableIRQ  stm32f4xx_hal_cortex.o
    0x08000c78   0x00000040   Code   RO          663    i.HAL_NVIC_SetPriority  stm32f4xx_hal_cortex.o
    0x08000cb8   0x00000024   Code   RO          664    i.HAL_NVIC_SetPriorityGrouping  stm32f4xx_hal_cortex.o
    0x08000cdc   0x00000088   Code   RO          969    i.HAL_PWREx_EnableOverDrive  stm32f4xx_hal_pwr_ex.o
    0x08000d64   0x00000208   Code   RO         1036    i.HAL_RCC_ClockConfig  stm32f4xx_hal_rcc.o
    0x08000f6c   0x00000034   Code   RO         1041    i.HAL_RCC_GetHCLKFreq  stm32f4xx_hal_rcc.o
    0x08000fa0   0x00000074   Code   RO         1045    i.HAL_RCC_GetSysClockFreq  stm32f4xx_hal_rcc.o
    0x08001014   0x0000031c   Code   RO         1048    i.HAL_RCC_OscConfig  stm32f4xx_hal_rcc.o
    0x08001330   0x00000018   Code   RO          666    i.HAL_SYSTICK_CLKSourceConfig  stm32f4xx_hal_cortex.o
    0x08001348   0x00000028   Code   RO          668    i.HAL_SYSTICK_Config  stm32f4xx_hal_cortex.o
    0x08001370   0x00000002   Code   RO         2386    i.HAL_TIMEx_BreakCallback  stm32f4xx_hal_tim_ex.o
    0x08001372   0x00000002   Code   RO         2387    i.HAL_TIMEx_CommutationCallback  stm32f4xx_hal_tim_ex.o
    0x08001374   0x00000036   Code   RO         1757    i.HAL_TIM_Base_Init  stm32f4xx_hal_tim.o
    0x080013aa   0x00000002   PAD
    0x080013ac   0x00000094   Code   RO         3543    i.HAL_TIM_Base_MspInit  timer.o
    0x08001440   0x00000018   Code   RO         1762    i.HAL_TIM_Base_Start_IT  stm32f4xx_hal_tim.o
    0x08001458   0x00000002   Code   RO         1786    i.HAL_TIM_IC_CaptureCallback  stm32f4xx_hal_tim.o
    0x0800145a   0x00000166   Code   RO         1799    i.HAL_TIM_IRQHandler  stm32f4xx_hal_tim.o
    0x080015c0   0x00000002   Code   RO         1802    i.HAL_TIM_OC_DelayElapsedCallback  stm32f4xx_hal_tim.o
    0x080015c2   0x00000002   Code   RO         1829    i.HAL_TIM_PWM_PulseFinishedCallback  stm32f4xx_hal_tim.o
    0x080015c4   0x00000338   Code   RO         3544    i.HAL_TIM_PeriodElapsedCallback  timer.o
    0x080018fc   0x00000002   Code   RO         1840    i.HAL_TIM_TriggerCallback  stm32f4xx_hal_tim.o
    0x080018fe   0x00000002   Code   RO          277    i.HardFault_Handler  stm32f4xx_it.o
    0x08001900   0x0000003c   Code   RO         3467    i.KEY_Init          key.o
    0x0800193c   0x000000a4   Code   RO         3443    i.LED_Init          led.o
    0x080019e0   0x0000004a   Code   RO         3310    i.MY_NVIC_Init      sys.o
    0x08001a2a   0x00000002   PAD
    0x08001a2c   0x00000024   Code   RO         3311    i.MY_NVIC_PriorityGroupConfig  sys.o
    0x08001a50   0x00000002   Code   RO          278    i.MemManage_Handler  stm32f4xx_it.o
    0x08001a52   0x00000002   Code   RO          279    i.NMI_Handler       stm32f4xx_it.o
    0x08001a54   0x00000020   Code   RO          670    i.NVIC_SetPriority  stm32f4xx_hal_cortex.o
    0x08001a74   0x000000bc   Code   RO         3621    i.PID_Bottom_moto1  algorithm_1.o
    0x08001b30   0x0000009c   Code   RO         3622    i.PID_Bottom_moto2  algorithm_1.o
    0x08001bcc   0x000000a0   Code   RO         3623    i.PID_Bottom_moto3  algorithm_1.o
    0x08001c6c   0x000000a0   Code   RO         3624    i.PID_Bottom_moto4  algorithm_1.o
    0x08001d0c   0x000000b0   Code   RO         3625    i.PID_Pitch         algorithm_1.o
    0x08001dbc   0x0000008c   Code   RO         3626    i.PID_Yaw           algorithm_1.o
    0x08001e48   0x00000002   Code   RO          280    i.PendSV_Handler    stm32f4xx_it.o
    0x08001e4a   0x00000002   PAD
    0x08001e4c   0x00000040   Code   RO         3627    i.Position_Cal      algorithm_1.o
    0x08001e8c   0x00000002   Code   RO          281    i.SVC_Handler       stm32f4xx_it.o
    0x08001e8e   0x00000002   PAD
    0x08001e90   0x00000084   Code   RO         3313    i.Stm32_Clock_Init  sys.o
    0x08001f14   0x00000004   Code   RO          282    i.SysTick_Handler   stm32f4xx_it.o
    0x08001f18   0x00000054   Code   RO          354    i.SystemInit        system_stm32f4xx.o
    0x08001f6c   0x0000000c   Code   RO         3545    i.TIM3_IRQHandler   timer.o
    0x08001f78   0x000000a8   Code   RO         3546    i.TIM3_Init         timer.o
    0x08002020   0x0000000c   Code   RO         3547    i.TIM4_IRQHandler   timer.o
    0x0800202c   0x0000002c   Code   RO         3548    i.TIM4_Init         timer.o
    0x08002058   0x0000000c   Code   RO         3549    i.TIM5_IRQHandler   timer.o
    0x08002064   0x0000002c   Code   RO         3550    i.TIM5_Init         timer.o
    0x08002090   0x000000c0   Code   RO         1841    i.TIM_Base_SetConfig  stm32f4xx_hal_tim.o
    0x08002150   0x00000198   Code   RO         3365    i.USART1_IRQHandler  usart.o
    0x080022e8   0x000000b0   Code   RO         3366    i.USART2_IRQHandler  usart.o
    0x08002398   0x00000002   Code   RO          283    i.UsageFault_Handler  stm32f4xx_it.o
    0x0800239a   0x00000002   Code   RO         3368    i._sys_exit         usart.o
    0x0800239c   0x00000014   Code   RO         3269    i.delay_init        delay.o
    0x080023b0   0x00000034   Code   RO         3271    i.delay_us          delay.o
    0x080023e4   0x00000194   Code   RO            4    i.main              main.o
    0x08002578   0x00000088   Code   RO         3628    i.remote_angle_cal  algorithm_1.o
    0x08002600   0x000000e0   Code   RO         3371    i.uart1_init        usart.o
    0x080026e0   0x000000ec   Code   RO         3372    i.uart2_init        usart.o
    0x080027cc   0x00000062   Code   RO         3706    x$fpl$d2f           fz_wm.l(d2f.o)
    0x0800282e   0x00000002   PAD
    0x08002830   0x00000150   Code   RO         3708    x$fpl$dadd          fz_wm.l(daddsub_clz.o)
    0x08002980   0x00000154   Code   RO         3714    x$fpl$dmul          fz_wm.l(dmul.o)
    0x08002ad4   0x0000009c   Code   RO         3741    x$fpl$dnaninf       fz_wm.l(dnaninf.o)
    0x08002b70   0x0000000c   Code   RO         3743    x$fpl$dretinf       fz_wm.l(dretinf.o)
    0x08002b7c   0x000001d4   Code   RO         3710    x$fpl$dsub          fz_wm.l(daddsub_clz.o)
    0x08002d50   0x00000056   Code   RO         3716    x$fpl$f2d           fz_wm.l(f2d.o)
    0x08002da6   0x0000008c   Code   RO         3745    x$fpl$fnaninf       fz_wm.l(fnaninf.o)
    0x08002e32   0x0000000a   Code   RO         3858    x$fpl$fpinit        fz_wm.l(fpinit.o)
    0x08002e3c   0x0000000a   Code   RO         3747    x$fpl$fretinf       fz_wm.l(fretinf.o)
    0x08002e46   0x00000000   Code   RO         3749    x$fpl$usenofp       fz_wm.l(usenofp.o)
    0x08002e46   0x00000010   Data   RO         1049    .constdata          stm32f4xx_hal_rcc.o
    0x08002e56   0x00000002   PAD
    0x08002e58   0x00000020   Data   RO         3920    Region$$Table       anon$$obj.o


    Execution Region RW_IRAM1 (Base: 0x20000000, Size: 0x000009e0, Max: 0x00030000, ABSOLUTE, COMPRESSED[0x00000030])

    Base Addr    Size         Type   Attr      Idx    E Section Name        Object

    0x20000000   0x00000014   Data   RW          355    .data               system_stm32f4xx.o
    0x20000014   0x00000004   Data   RW          519    .data               stm32f4xx_hal.o
    0x20000018   0x00000004   Data   RW         3272    .data               delay.o
    0x2000001c   0x00000020   Data   RW         3374    .data               usart.o
    0x2000003c   0x0000005c   Data   RW         3552    .data               timer.o
    0x20000098   0x00000004   Data   RW         3553    .data               timer.o
    0x2000009c   0x000000d4   Data   RW         3630    .data               algorithm_1.o
    0x20000170   0x000000da   Zero   RW         3373    .bss                usart.o
    0x2000024a   0x00000002   PAD
    0x2000024c   0x00000080   Zero   RW         3502    .bss                can.o
    0x200002cc   0x000000b4   Zero   RW         3551    .bss                timer.o
    0x20000380   0x00000060   Zero   RW         3800    .bss                c_w.l(libspace.o)
    0x200003e0   0x00000200   Zero   RW          487    HEAP                startup_stm32f429xx.o
    0x200005e0   0x00000400   Zero   RW          486    STACK               startup_stm32f429xx.o


==============================================================================

Image component sizes


      Code (inc. data)   RO Data    RW Data    ZI Data      Debug   Object Name

      1180        192          0        212          0       7817   algorithm_1.o
       320         26          0          0        128       3933   can.o
        72          8          0          4          0       1540   delay.o
        60          8          0          0          0        991   key.o
       164         16          0          0          0       1091   led.o
       404         36          0          0          0     404175   main.o
        64         26        428          0       1536        860   startup_stm32f429xx.o
       122         16          0          4          0       4500   stm32f4xx_hal.o
      1244         22          0          0          0       4927   stm32f4xx_hal_can.o
       218         14          0          0          0      31265   stm32f4xx_hal_cortex.o
       486         54          0          0          0       2804   stm32f4xx_hal_gpio.o
       136         14          0          0          0       1404   stm32f4xx_hal_pwr_ex.o
      1484         56         16          0          0       5497   stm32f4xx_hal_rcc.o
       636         44          0          0          0       7155   stm32f4xx_hal_tim.o
         4          0          0          0          0       1818   stm32f4xx_hal_tim_ex.o
        20          0          0          0          0       4454   stm32f4xx_it.o
       402         20          0          0          0       4301   sys.o
        84         18          0         20          0       1193   system_stm32f4xx.o
      1264        128          0         96        180       7866   timer.o
      1046        110          0         32        218       6747   usart.o

    ----------------------------------------------------------------------
      9424        808        478        368       2064     504338   Object Totals
         0          0         32          0          0          0   (incl. Generated)
        14          0          2          0          2          0   (incl. Padding)

    ----------------------------------------------------------------------

      Code (inc. data)   RO Data    RW Data    ZI Data      Debug   Library Member Name

        90          0          0          0          0          0   __dczerorl2.o
         8          0          0          0          0         68   __main.o
         0          0          0          0          0          0   __rtentry.o
        12          0          0          0          0          0   __rtentry2.o
         6          0          0          0          0          0   __rtentry4.o
        52          8          0          0          0          0   __scatter.o
        28          0          0          0          0          0   __scatter_zi.o
        18          0          0          0          0         80   exit.o
         6          0          0          0          0        152   heapauxi.o
         2          0          0          0          0          0   libinit.o
         6          0          0          0          0          0   libinit2.o
         2          0          0          0          0          0   libshutdown.o
         2          0          0          0          0          0   libshutdown2.o
         8          4          0          0         96         68   libspace.o
         2          0          0          0          0          0   rtexit.o
        10          0          0          0          0          0   rtexit2.o
        74          0          0          0          0         80   sys_stackheap_outer.o
         2          0          0          0          0         68   use_no_semi.o
         2          0          0          0          0         68   use_no_semi_2.o
        98          4          0          0          0        140   d2f.o
       804         16          0          0          0        368   daddsub_clz.o
       340         12          0          0          0        152   dmul.o
       156          4          0          0          0        140   dnaninf.o
        12          0          0          0          0        116   dretinf.o
        86          4          0          0          0        132   f2d.o
       140          4          0          0          0        132   fnaninf.o
        10          0          0          0          0        116   fpinit.o
        10          0          0          0          0        116   fretinf.o
         0          0          0          0          0          0   usenofp.o

    ----------------------------------------------------------------------
      1994         56          0          0         96       1996   Library Totals
         8          0          0          0          0          0   (incl. Padding)

    ----------------------------------------------------------------------

      Code (inc. data)   RO Data    RW Data    ZI Data      Debug   Library Name

       330         12          0          0         96        584   c_w.l
      1656         44          0          0          0       1412   fz_wm.l

    ----------------------------------------------------------------------
      1994         56          0          0         96       1996   Library Totals

    ----------------------------------------------------------------------

==============================================================================


      Code (inc. data)   RO Data    RW Data    ZI Data      Debug   

     11418        864        478        368       2160     498478   Grand Totals
     11418        864        478         48       2160     498478   ELF Image Totals (compressed)
     11418        864        478         48          0          0   ROM Totals

==============================================================================

    Total RO  Size (Code + RO Data)                11896 (  11.62kB)
    Total RW  Size (RW Data + ZI Data)              2528 (   2.47kB)
    Total ROM Size (Code + RO Data + RW Data)      11944 (  11.66kB)

==============================================================================

